=== MEM-7/8 の後（現在）===
W8A8=0: peak_used 114128 + FFT stack 4224 = **118352 B（115.6 KB）**
  --g1-kb 116（118784 B）-> OK
  --g1-kb 118（120832 B）-> OK
  --g1-kb 119（121856 B）-> OK
  --g1-kb 148（151552 B）-> OK
  --g1-kb 200（204800 B）-> OK
W8A8=1: peak_used 116592 + FFT stack 4224 = **120816 B（118.0 KB）**
  --g1-kb 116（118784 B）-> **NG（落ちる）**
  --g1-kb 118（120832 B）-> OK
  --g1-kb 119（121856 B）-> OK
  --g1-kb 148（151552 B）-> OK
  --g1-kb 200（204800 B）-> OK

=== MEM-7/8 の前（79dd7f2）===
W8A8=0: peak_used 137216 + FFT stack 4224 = **141440 B（138.1 KB）**
  --g1-kb 116（118784 B）-> **NG（落ちる）**
  --g1-kb 118（120832 B）-> **NG（落ちる）**
  --g1-kb 119（121856 B）-> **NG（落ちる）**
  --g1-kb 148（151552 B）-> OK
  --g1-kb 200（204800 B）-> OK
W8A8=1: peak_used 149824 + FFT stack 4224 = **154048 B（150.4 KB）**
  --g1-kb 116（118784 B）-> **NG（落ちる）**
  --g1-kb 118（120832 B）-> **NG（落ちる）**
  --g1-kb 119（121856 B）-> **NG（落ちる）**
  --g1-kb 148（151552 B）-> **NG（落ちる）**
  --g1-kb 200（204800 B）-> OK
