=== レーン W8A32（既定） ===
--- MEM-7/8 の前（79dd7f2）---
| n_ids | frames | PCM FNV-1a | log_d FNV-1a | d_hat 和 | a.peak | peak() |
|---:|---:|---|---|---:|---:|---:|
| 53 | 108 | 0x5fbc08e2087092ed | 0x50120f6fed4ed5b5 | 108 | 111760 | 111760 |
| 100 | 212 | 0x739aa8fc7a0798b0 | 0x112481cc45f77cac | 212 | 112112 | 112112 |
| 224 | 508 | 0x8a5e56e98551c538 | 0x2e85c9af03a8c629 | 508 | 113104 | 113104 |
| 350 | 783 | 0xb1bd94b4afacff8f | 0xe49ece54973b1e32 | 783 | 137216 | 137216 |
--- MEM-7 + MEM-8 の後 ---
| n_ids | frames | PCM FNV-1a | log_d FNV-1a | d_hat 和 | a.peak | peak() |
|---:|---:|---|---|---:|---:|---:|
| 53 | 108 | 0x5fbc08e2087092ed | 0x50120f6fed4ed5b5 | 108 | 111760 | 111760 |
| 100 | 212 | 0x739aa8fc7a0798b0 | 0x112481cc45f77cac | 212 | 112112 | 112112 |
| 224 | 508 | 0x8a5e56e98551c538 | 0x2e85c9af03a8c629 | 508 | 113104 | 113104 |
| 350 | 783 | 0xb1bd94b4afacff8f | 0xe49ece54973b1e32 | 783 | 114128 | 114128 |
=== レーン -DSAAN_INT8_ACT=1 ===
--- MEM-7/8 の前（79dd7f2）---
| n_ids | frames | PCM FNV-1a | log_d FNV-1a | d_hat 和 | a.peak | peak() |
|---:|---:|---|---|---:|---:|---:|
| 53 | 106 | 0x7cd0b6bd88ee995c | 0x8b1a1bba48fb587d | 106 | 114224 | 111760 |
| 100 | 208 | 0x6a10ede13e63942b | 0xd9e7bc846220f624 | 208 | 114576 | 112112 |
| 224 | 500 | 0x1e2b3c7d26883ec4 | 0xc81d4a61e6e446f8 | 500 | 115568 | 113104 |
| 350 | 770 | 0xbdcd111786ce1a78 | 0x3aea788e849b674d | 770 | 149824 | 149824 |
--- MEM-7 + MEM-8 の後 ---
| n_ids | frames | PCM FNV-1a | log_d FNV-1a | d_hat 和 | a.peak | peak() |
|---:|---:|---|---|---:|---:|---:|
| 53 | 106 | 0x7cd0b6bd88ee995c | 0x8b1a1bba48fb587d | 106 | 114224 | 114224 |
| 100 | 208 | 0x6a10ede13e63942b | 0xd9e7bc846220f624 | 208 | 114576 | 114576 |
| 224 | 500 | 0x1e2b3c7d26883ec4 | 0xc81d4a61e6e446f8 | 500 | 115568 | 115568 |
| 350 | 770 | 0xbdcd111786ce1a78 | 0x3aea788e849b674d | 770 | 116592 | 116592 |
