./pullptr_test    student.bin golden.bin
MEM-8 ゲート（pull_ptr == pull / W8A8 = 0）

== G-PP1 / G-PP2: サンプル列と簿記が一致するか ==
| n_ids | sample | pull 回数 | emitted | 列 bit 一致 |
|---:|---:|---:|---:|---|
| 1 | 512 == 512 | 1 == 1 | 2 == 2 | **OK** |
| 13 | 8960 == 8960 | 5 == 5 | 35 == 35 | **OK** |
| 53 | 27392 == 27392 | 14 == 14 | 107 == 107 | **OK** |
| 100 | 53760 == 53760 | 27 == 27 | 210 == 210 | **OK** |
| 224 | 129024 == 129024 | 63 == 63 | 504 == 504 | **OK** |
| 350 | 199168 == 199168 | 98 == 98 | 778 == 778 | **OK** |

== G-PP3: 陽性対照（返ったポインタは次の呼び出しで無効になるか）==
  OK  1 回目 8 hop / 2 回目 8 hop / 同じ番地か はい / 中身が動いたか はい

MEM-8: pull_ptr はコピー版と同じ列を出し、ポインタの寿命の警告も空虚でない

== W8A8 レーン（実機と同じ構成）==
./pullptr_test_a8 student_i8.bin golden_i8.bin
MEM-8 ゲート（pull_ptr == pull / W8A8 = 1）

== G-PP1 / G-PP2: サンプル列と簿記が一致するか ==
| n_ids | sample | pull 回数 | emitted | 列 bit 一致 |
|---:|---:|---:|---:|---|
| 1 | 512 == 512 | 1 == 1 | 2 == 2 | **OK** |
| 13 | 8960 == 8960 | 5 == 5 | 35 == 35 | **OK** |
| 53 | 27136 == 27136 | 14 == 14 | 106 == 106 | **OK** |
| 100 | 53248 == 53248 | 26 == 26 | 208 == 208 | **OK** |
| 224 | 128000 == 128000 | 63 == 63 | 500 == 500 | **OK** |
| 350 | 197120 == 197120 | 97 == 97 | 770 == 770 | **OK** |

== G-PP3: 陽性対照（返ったポインタは次の呼び出しで無効になるか）==
  OK  1 回目 8 hop / 2 回目 8 hop / 同じ番地か はい / 中身が動いたか はい

MEM-8: pull_ptr はコピー版と同じ列を出し、ポインタの寿命の警告も空虚でない
