ESP-ROM:esp32s3-20210327
Build:Mar 27 2021
rst:0x15 (USB_UART_CHIP_RESET),boot:0x2a (SPI_FAST_FLASH_BOOT)
Saved PC:0x4037c586
SPIWP:0xee
mode:DIO, clock div:1
load:0x3fce2820,len:0x1710
load:0x403c8700,len:0xe1c
load:0x403cb700,len:0x31e0
entry 0x403c8938
I (24) boot: ESP-IDF v5.5 2nd stage bootloader
I (24) boot: compile time Sep  3 2026 12:55:38
I (25) boot: Multicore bootloader
I (25) boot: chip revision: v0.2
I (25) boot: efuse block revision: v1.3
I (25) qio_mode: Enabling default flash chip QIO
I (25) boot.esp32s3: Boot SPI Speed : 80MHz
I (26) boot.esp32s3: SPI Mode       : QIO
I (26) boot.esp32s3: SPI Flash Size : 16MB
I (26) boot: Enabling RNG early entropy source...
I (26) boot: Partition Table:
I (26) boot: ## Label            Usage          Type ST Offset   Length
I (27) boot:  0 nvs              WiFi data        01 02 00009000 00006000
I (27) boot:  1 phy_init         RF data          01 01 0000f000 00001000
I (27) boot:  2 factory          factory app      00 00 00010000 00300000
I (28) boot: End of partition table
I (28) esp_image: segment 0: paddr=00010020 vaddr=3c060020 size=ecad0h (969424) map
I (172) esp_image: segment 1: paddr=000fcaf8 vaddr=3fc92e00 size=02f00h ( 12032) load
I (175) esp_image: segment 2: paddr=000ffa00 vaddr=40378000 size=00618h (  1560) load
I (176) esp_image: segment 3: paddr=00100020 vaddr=42000020 size=516a8h (333480) map
I (226) esp_image: segment 4: paddr=001516d0 vaddr=40378618 size=0a704h ( 42756) load
I (234) esp_image: segment 5: paddr=0015bddc vaddr=600fe000 size=00020h (    32) load
I (239) boot: Loaded app from partition at offset 0x10000
I (239) boot: Disabling RNG early entropy source...
I (241) esp_psram: Found 8MB PSRAM device
I (241) esp_psram: Speed: 80MHz
I (241) cpu_start: Multicore app
I (1015) esp_psram: SPI SRAM memory test OK
I (1023) cpu_start: Pro cpu start user code
I (1023) cpu_start: cpu freq: 240000000 Hz
I (1023) app_init: Application information:
I (1024) app_init: Project name:     saanotts_m5
I (1024) app_init: App version:      v0.2.0-47-g683622a
I (1024) app_init: Compile time:     Sep  3 2026 12:55:18
I (1024) app_init: ELF file SHA256:  2169f2dd9...
I (1024) app_init: ESP-IDF:          v5.5
I (1024) efuse_init: Min chip rev:     v0.0
I (1024) efuse_init: Max chip rev:     v0.99 
I (1024) efuse_init: Chip rev:         v0.2
I (1025) heap_init: Initializing. RAM available for dynamic allocation:
I (1025) heap_init: At 3FCC6AD0 len 00022C40 (139 KiB): RAM
I (1025) heap_init: At 3FCE9710 len 00005724 (21 KiB): RAM
I (1025) heap_init: At 600FE020 len 00001FC8 (7 KiB): RTCRAM
I (1026) esp_psram: Adding pool of 8192K of PSRAM memory to heap allocator
I (1026) spi_flash: detected chip: generic
I (1026) spi_flash: flash io: qio
I (1027) sleep_gpio: Configure to isolate all GPIO pins in sleep state
I (1027) sleep_gpio: Enable automatic switching of GPIO sleep configuration
I (1028) main_task: Started on CPU0
I (1029) esp_psram: Reserving pool of 32K of internal memory for DMA/internal allocations
I (1029) main_task: Calling app_main()
I (1029) saanotts: sanoTTS-jp ESP32-S3（**実機未検証** — esp32/README.md を読むこと）
I (1030) saanotts: 起動直後: 内部 DRAM free 136015 B / 最大ブロック 90112 B
I (1030) saanotts: arena 180224 B を .bss に静的確保 (0x3fc998a0) / G2P の ids 4108 B
I (1030) saan_model: 重み: ヘッダ埋め込み (.rodata = flash) 654032 B / dtype int8
I (1030) saan_model:   sha256 2d2b8543c06b6a749f19c9918de68244409e2bb6ad1d921a90b5c358f96d4d79
I (1030) saan_model: 重み OK: 183 tensors / base 0x3c06eb50
I (1031) saanotts: W8A8 + PIE 有効 / int8 blob を確認
I (1031) saan_spk: リングバッファ (4096 B) を PSRAM に確保
I (1031) saan_spk: リングバッファ (4096 B) を PSRAM に確保
I (1031) saan_spk: リングバッファ (4096 B) を PSRAM に確保
I (1037) M5GFX: [Autodetect] board_M5StackChan
I (1038) main_task: Returned from app_main()
I (1160) M5GFX: CoreS3 touch CIPHER:0x64 / FIRMID:0x10 / VENDID:0x11, panel:ILI9342C
I (1387) saan_spk: M5.Speaker: board 27 / 出力 22050 Hz / 音源 22,050 Hz（リサンプル無し） / volume 128 / バッファ 3 枚 × 2048 sample
W (1387) saan_spk: ⚠️ 実サンプルレートの誤差は**未測定**
I (1419) saan_ui: 画面 320 x 240 / フォント lgfxJapanGothic_20
I (1420) saanotts: G2P セルフテスト: "きょ][おわよ][いて][んきです°ね" (44 B) -> 53 ids / 0.161 ms
I (1420) saanotts:      OK  53 ids が demo_ids.h の錨と完全一致
I (1420) saanotts: 起動時の 1 発話: "今日は良い天気ですね。"
I (1500) saanotts: init 25.59 ms / 53 ids / 106 frames / 27136 sample / 音声 1.231 s
I (1500) saanotts: arena used 156688 B / peak 156688 B / 確保 180224 B
I (1501) saan_spk: 発話バッファ (16384 B) を PSRAM に確保
I (1947) saanotts: プリロール 4 チャンク完了（初回 pull 286.62 ms / 鳴らし始めまで 446 ms）
I (1947) saan_spk: 貯めた 8192 sample (0.372 s) を送出
I (3094) saanotts: pull 1: n=8 286.62 ms
I (3094) saanotts: pull 2: n=8 53.49 ms
I (3094) saanotts: pull 3: n=8 53.50 ms
I (3094) saanotts: pull 4: n=8 47.32 ms
I (3094) saanotts: pull 5: n=8 53.64 ms
I (3094) saanotts: pull 6: n=8 47.39 ms
I (3094) saanotts: pull 7: n=8 47.41 ms
I (3094) saanotts: pull 8: n=8 53.31 ms
I (3094) saanotts: pull 9: n=8 47.31 ms
I (3094) saanotts: pull 10: n=8 47.16 ms
I (3095) saanotts: pull 11: n=8 46.96 ms
I (3095) saanotts: pull 12: n=8 46.68 ms
I (3095) saanotts: pull 13: n=8 45.34 ms
I (3095) saanotts: pull 14: n=2 0.01 ms
I (3095) saanotts: ----- 結果 -----
I (3095) saanotts: pull 14 回 / 106 frames / 音声 1.231 s（端数チャンク 1 回）
I (3095) saanotts: 合成合計 876.13 ms（全 pull の dt の和。定義に依らない量 — T1 前後の比較はこれか SAAN_PROFILE=1 の STEP 行で）/ 音声 1.231 s → 合成/音声 0.712
I (3096) saanotts: 初回 pull 286.62 ms / 2 回目以降 mean 45.35 ms（⚠️ 末尾の端数 pull を含む。参考値）(満チャンク 1 個 = 92.88 ms の音声)
I (3096) saanotts: 満チャンク pull（n=8、初回を除く 12 回）: 中央値 47.36 ms / 平均 49.13 ms
I (3096) saanotts: 定常 xRT = 0.510（満チャンク pull の中央値 / 92.88 ms。平均なら 0.529）  ← **1.0 を超えたら実時間に間に合っていない**
W (3097) saanotts: ⚠️ 「定常 xRT」の定義は T1 で変わった（旧: 2 回目以降の全 pull の平均 = 末尾 pull の出力に寄与しない step 3 回込み）。M-82 / M-84 の値とは直接比べないこと。上の「2 回目以降 mean」も T1 後は末尾の step が消えているので旧値の再現ではない
I (3098) saanotts: アンダーラン 0 / 14 チャンク（判定は pull ごと。末尾の端数 pull を含む）
I (3111) saanotts: int16 クリップ 0 sample
I (3111) saanotts: 出力 PCM: 27136 sample / FNV-1a 0xa69a7ebbb5ccb05f
I (3111) saanotts:         |max| 9627 / Σx² 74264237672
I (3111) saanotts: タスクスタック残り 10948 B（16384 B 中）
I (3112) saanotts: ----- 段別プロファイル（step_chunk 18 回の平均。単位 = CCOUNT）-----
I (3112) saanotts: 区間   回数/step     cyc/step  %%STEP  要素/step cyc/要素
I (3112) saanotts: STEP           1.00     11659500  100.0%            0       0.00
I (3113) saanotts: HF             1.00       738484    6.3%            0       0.00
I (3113) saanotts: TOKEN          0.50       730170    6.3%            4  182542.57
I (3113) saanotts: AC             5.00      2445180   21.0%            0       0.00
I (3113) saanotts: DINP           1.00       197205    1.7%            0       0.00
I (3114) saanotts: DEC            5.00      5675382   48.7%            0       0.00
I (3114) saanotts: HEAD           1.00      1604305   13.8%            0       0.00
I (3114) saanotts: ISTFT         11.89       916599    7.9%            0       0.00
I (3114) saanotts: QUANT         42.39       749671    6.4%        33772      22.20
I (3115) saanotts: WCOPY          0.00            0    0.0%            0       0.00
I (3115) saanotts: MAC         4677.72      7612637   65.3%      4200628       1.81
I (3115) saanotts: DW             5.00       617629    5.3%        21280      29.02
I (3115) saanotts: CONV32         0.00            0    0.0%            0       0.00
I (3116) saanotts: GELU           6.00       917918    7.9%        12544      73.18
I (3116) saanotts: LN             6.67       117670    1.0%         2779      42.35
I (3116) saanotts: RELU           6.67        26260    0.2%         4027       6.52
I (3116) saanotts: PIPE          18.50       350645    3.0%            0       0.00
I (3117) saanotts:   ⚠️ DW の cyc/step は入れ子の QUANT（dw 入力の量子化）を含む。カーネル行の合算は二重計上
I (3117) saanotts: ----- INIT 側（発話あたり。step で割らない）-----
I (3117) saanotts: INIT  : 6139393 cyc / 回 (1 回)
I (3117) saanotts: LOOKUP: 131 回 / 2518146 cyc（init の resolve_weights。pull の中では 0 回が期待値）
I (3117) saanotts: 1 step = 11659500 cyc（240 MHz なら 48.58 ms）。⚠️ QEMU ではサイクルではない
I (3118) saanotts: 1 発話後: 内部 DRAM free 133527 B / 最大ブロック 90112 B
I (3118) saan_con: 入力: USB Serial/JTAG（DevKit の「USB」ポート）
I (3118) saanotts: ==================== 対話モード ====================
I (3119) saanotts: かな中間表現を 1 行入力して Enter で喋る。
I (3119) saanotts:   例:  きょ][おわよ][いて][んきです°ね     （今日は良い天気ですね。）
I (3119) saanotts:   例:  こんにちわ
I (3119) saanotts: 記号:  [ 上昇 / ] 下降核 / # 句境界 / ° 無声化 / ? ?! ?. ?~ 疑問
I (3119) saanotts: ⚠️ **漢字・カタカナ・句読点は受け付けない**（端末に辞書が無い）。
I (3120) saanotts:    漢字混じり文からは**ホスト側**で作る:
I (3120) saanotts:      uv run python scripts/to_intermediate.py "今日は良い天気ですね。"
I (3120) saanotts: ⚠️ アクセント記号を省くと平板になる。**音は出るが正しい抑揚ではない。**
I (3120) saanotts: 編集: BS/DEL 1 文字消す / Ctrl-U 行を消す / 上限 350 ids
I (3121) saanotts: 画面があればタッチで直前の文をもう一度喋る（saan_ui の実装次第）。
I (3121) saanotts: ====================================================

かな> きょ][おわよ][いて][んきです°ね
I (3123) saanotts: G2P: 44 B -> 53 ids / 0.173 ms（音素 25 個・うち PAD 0）
I (3196) saanotts: init 25.59 ms / 53 ids / 106 frames / 27136 sample / 音声 1.231 s
I (3197) saanotts: arena used 156688 B / peak 156688 B / 確保 180224 B
I (3197) saan_spk: 発話バッファ (16384 B) を PSRAM に確保
I (3643) saanotts: プリロール 4 チャンク完了（初回 pull 286.63 ms / 鳴らし始めまで 446 ms）
I (3644) saan_spk: 貯めた 8192 sample (0.372 s) を送出
I (4789) saanotts: pull 1: n=8 286.63 ms
I (4789) saanotts: pull 2: n=8 53.51 ms
I (4789) saanotts: pull 3: n=8 53.51 ms
I (4789) saanotts: pull 4: n=8 47.32 ms
I (4789) saanotts: pull 5: n=8 53.61 ms
I (4789) saanotts: pull 6: n=8 47.38 ms
I (4789) saanotts: pull 7: n=8 47.38 ms
I (4789) saanotts: pull 8: n=8 53.31 ms
I (4789) saanotts: pull 9: n=8 47.30 ms
I (4789) saanotts: pull 10: n=8 47.17 ms
I (4789) saanotts: pull 11: n=8 46.94 ms
I (4790) saanotts: pull 12: n=8 46.68 ms
I (4790) saanotts: pull 13: n=8 45.34 ms
I (4790) saanotts: pull 14: n=2 0.01 ms
I (4790) saanotts: ----- 結果 -----
I (4790) saanotts: pull 14 回 / 106 frames / 音声 1.231 s（端数チャンク 1 回）
I (4790) saanotts: 合成合計 876.08 ms（全 pull の dt の和。定義に依らない量 — T1 前後の比較はこれか SAAN_PROFILE=1 の STEP 行で）/ 音声 1.231 s → 合成/音声 0.712
I (4791) saanotts: 初回 pull 286.63 ms / 2 回目以降 mean 45.34 ms（⚠️ 末尾の端数 pull を含む。参考値）(満チャンク 1 個 = 92.88 ms の音声)
I (4791) saanotts: 満チャンク pull（n=8、初回を除く 12 回）: 中央値 47.35 ms / 平均 49.12 ms
I (4791) saanotts: 定常 xRT = 0.510（満チャンク pull の中央値 / 92.88 ms。平均なら 0.529）  ← **1.0 を超えたら実時間に間に合っていない**
W (4792) saanotts: ⚠️ 「定常 xRT」の定義は T1 で変わった（旧: 2 回目以降の全 pull の平均 = 末尾 pull の出力に寄与しない step 3 回込み）。M-82 / M-84 の値とは直接比べないこと。上の「2 回目以降 mean」も T1 後は末尾の step が消えているので旧値の再現ではない
I (4793) saanotts: アンダーラン 0 / 14 チャンク（判定は pull ごと。末尾の端数 pull を含む）
I (4806) saanotts: int16 クリップ 0 sample
I (4806) saanotts: 出力 PCM: 27136 sample / FNV-1a 0xa69a7ebbb5ccb05f
I (4806) saanotts:         |max| 9627 / Σx² 74264237672
I (4806) saanotts: タスクスタック残り 10948 B（16384 B 中）
I (4807) saanotts: ----- 段別プロファイル（step_chunk 18 回の平均。単位 = CCOUNT）-----
I (4807) saanotts: 区間   回数/step     cyc/step  %%STEP  要素/step cyc/要素
I (4807) saanotts: STEP           1.00     11658949  100.0%            0       0.00
I (4808) saanotts: HF             1.00       738463    6.3%            0       0.00
I (4808) saanotts: TOKEN          0.50       730184    6.3%            4  182545.90
I (4808) saanotts: AC             5.00      2445809   21.0%            0       0.00
I (4808) saanotts: DINP           1.00       196460    1.7%            0       0.00
I (4809) saanotts: DEC            5.00      5674872   48.7%            0       0.00
I (4809) saanotts: HEAD           1.00      1603724   13.8%            0       0.00
I (4809) saanotts: ISTFT         11.89       917157    7.9%            0       0.00
I (4810) saanotts: QUANT         42.39       748933    6.4%        33772      22.18
I (4810) saanotts: WCOPY          0.00            0    0.0%            0       0.00
I (4810) saanotts: MAC         4677.72      7610380   65.3%      4200628       1.81
I (4810) saanotts: DW             5.00       618695    5.3%        21280      29.07
I (4811) saanotts: CONV32         0.00            0    0.0%            0       0.00
I (4811) saanotts: GELU           6.00       918054    7.9%        12544      73.19
I (4811) saanotts: LN             6.67       117563    1.0%         2779      42.31
I (4811) saanotts: RELU           6.67        26408    0.2%         4027       6.56
I (4812) saanotts: PIPE          18.50       350816    3.0%            0       0.00
I (4812) saanotts:   ⚠️ DW の cyc/step は入れ子の QUANT（dw 入力の量子化）を含む。カーネル行の合算は二重計上
I (4812) saanotts: ----- INIT 側（発話あたり。step で割らない）-----
I (4812) saanotts: INIT  : 6140272 cyc / 回 (1 回)
I (4812) saanotts: LOOKUP: 131 回 / 2515618 cyc（init の resolve_weights。pull の中では 0 回が期待値）
I (4813) saanotts: 1 step = 11658949 cyc（240 MHz なら 48.58 ms）。⚠️ QEMU ではサイクルではない

かな> きょ][おわよ][いて][んきです°ね
I (4822) saanotts: G2P: 44 B -> 53 ids / 0.157 ms（音素 25 個・うち PAD 0）
I (4895) saanotts: init 25.55 ms / 53 ids / 106 frames / 27136 sample / 音声 1.231 s
I (4896) saanotts: arena used 156688 B / peak 156688 B / 確保 180224 B
I (4896) saan_spk: 発話バッファ (16384 B) を PSRAM に確保
I (5342) saanotts: プリロール 4 チャンク完了（初回 pull 286.63 ms / 鳴らし始めまで 446 ms）
I (5343) saan_spk: 貯めた 8192 sample (0.372 s) を送出
I (6484) saanotts: pull 1: n=8 286.63 ms
I (6484) saanotts: pull 2: n=8 53.49 ms
I (6484) saanotts: pull 3: n=8 53.51 ms
I (6484) saanotts: pull 4: n=8 47.33 ms
I (6484) saanotts: pull 5: n=8 53.61 ms
I (6484) saanotts: pull 6: n=8 47.40 ms
I (6484) saanotts: pull 7: n=8 47.38 ms
I (6484) saanotts: pull 8: n=8 53.32 ms
I (6484) saanotts: pull 9: n=8 47.31 ms
I (6484) saanotts: pull 10: n=8 47.15 ms
I (6485) saanotts: pull 11: n=8 46.96 ms
I (6485) saanotts: pull 12: n=8 46.68 ms
I (6485) saanotts: pull 13: n=8 45.33 ms
I (6485) saanotts: pull 14: n=2 0.01 ms
I (6485) saanotts: ----- 結果 -----
I (6485) saanotts: pull 14 回 / 106 frames / 音声 1.231 s（端数チャンク 1 回）
I (6485) saanotts: 合成合計 876.10 ms（全 pull の dt の和。定義に依らない量 — T1 前後の比較はこれか SAAN_PROFILE=1 の STEP 行で）/ 音声 1.231 s → 合成/音声 0.712
I (6486) saanotts: 初回 pull 286.63 ms / 2 回目以降 mean 45.34 ms（⚠️ 末尾の端数 pull を含む。参考値）(満チャンク 1 個 = 92.88 ms の音声)
I (6486) saanotts: 満チャンク pull（n=8、初回を除く 12 回）: 中央値 47.35 ms / 平均 49.12 ms
I (6487) saanotts: 定常 xRT = 0.510（満チャンク pull の中央値 / 92.88 ms。平均なら 0.529）  ← **1.0 を超えたら実時間に間に合っていない**
W (6487) saanotts: ⚠️ 「定常 xRT」の定義は T1 で変わった（旧: 2 回目以降の全 pull の平均 = 末尾 pull の出力に寄与しない step 3 回込み）。M-82 / M-84 の値とは直接比べないこと。上の「2 回目以降 mean」も T1 後は末尾の step が消えているので旧値の再現ではない
I (6488) saanotts: アンダーラン 0 / 14 チャンク（判定は pull ごと。末尾の端数 pull を含む）
I (6501) saanotts: int16 クリップ 0 sample
I (6501) saanotts: 出力 PCM: 27136 sample / FNV-1a 0xa69a7ebbb5ccb05f
I (6501) saanotts:         |max| 9627 / Σx² 74264237672
I (6501) saanotts: タスクスタック残り 10948 B（16384 B 中）
I (6502) saanotts: ----- 段別プロファイル（step_chunk 18 回の平均。単位 = CCOUNT）-----
I (6502) saanotts: 区間   回数/step     cyc/step  %%STEP  要素/step cyc/要素
I (6502) saanotts: STEP           1.00     11659116  100.0%            0       0.00
I (6503) saanotts: HF             1.00       739408    6.3%            0       0.00
I (6503) saanotts: TOKEN          0.50       731126    6.3%            4  182781.51
I (6503) saanotts: AC             5.00      2445752   21.0%            0       0.00
I (6504) saanotts: DINP           1.00       196593    1.7%            0       0.00
I (6504) saanotts: DEC            5.00      5674640   48.7%            0       0.00
I (6504) saanotts: HEAD           1.00      1603606   13.8%            0       0.00
I (6504) saanotts: ISTFT         11.89       916586    7.9%            0       0.00
I (6505) saanotts: QUANT         42.39       749631    6.4%        33772      22.20
I (6505) saanotts: WCOPY          0.00            0    0.0%            0       0.00
I (6505) saanotts: MAC         4677.72      7609364   65.3%      4200628       1.81
I (6505) saanotts: DW             5.00       618499    5.3%        21280      29.06
I (6506) saanotts: CONV32         0.00            0    0.0%            0       0.00
I (6506) saanotts: GELU           6.00       918315    7.9%        12544      73.21
I (6506) saanotts: LN             6.67       118369    1.0%         2779      42.60
I (6506) saanotts: RELU           6.67        26396    0.2%         4027       6.56
I (6507) saanotts: PIPE          18.50       350568    3.0%            0       0.00
I (6507) saanotts:   ⚠️ DW の cyc/step は入れ子の QUANT（dw 入力の量子化）を含む。カーネル行の合算は二重計上
I (6507) saanotts: ----- INIT 側（発話あたり。step で割らない）-----
I (6507) saanotts: INIT  : 6131584 cyc / 回 (1 回)
I (6507) saanotts: LOOKUP: 131 回 / 2511430 cyc（init の resolve_weights。pull の中では 0 回が期待値）
I (6508) saanotts: 1 step = 11659116 cyc（240 MHz なら 48.58 ms）。⚠️ QEMU ではサイクルではない

かな> きょ][おわよ][いて][んきです°ね
I (6509) saanotts: G2P: 44 B -> 53 ids / 0.165 ms（音素 25 個・うち PAD 0）
I (6583) saanotts: init 25.56 ms / 53 ids / 106 frames / 27136 sample / 音声 1.231 s
I (6583) saanotts: arena used 156688 B / peak 156688 B / 確保 180224 B
I (6583) saan_spk: 発話バッファ (16384 B) を PSRAM に確保
I (7030) saanotts: プリロール 4 チャンク完了（初回 pull 286.68 ms / 鳴らし始めまで 446 ms）
I (7030) saan_spk: 貯めた 8192 sample (0.372 s) を送出
I (8179) saanotts: pull 1: n=8 286.68 ms
I (8179) saanotts: pull 2: n=8 53.50 ms
I (8179) saanotts: pull 3: n=8 53.50 ms
I (8179) saanotts: pull 4: n=8 47.31 ms
I (8179) saanotts: pull 5: n=8 53.63 ms
I (8179) saanotts: pull 6: n=8 47.39 ms
I (8179) saanotts: pull 7: n=8 47.37 ms
I (8179) saanotts: pull 8: n=8 53.33 ms
I (8179) saanotts: pull 9: n=8 47.31 ms
I (8179) saanotts: pull 10: n=8 47.16 ms
I (8179) saanotts: pull 11: n=8 46.95 ms
I (8180) saanotts: pull 12: n=8 46.68 ms
I (8180) saanotts: pull 13: n=8 45.33 ms
I (8180) saanotts: pull 14: n=2 0.01 ms
I (8180) saanotts: ----- 結果 -----
I (8180) saanotts: pull 14 回 / 106 frames / 音声 1.231 s（端数チャンク 1 回）
I (8180) saanotts: 合成合計 876.14 ms（全 pull の dt の和。定義に依らない量 — T1 前後の比較はこれか SAAN_PROFILE=1 の STEP 行で）/ 音声 1.231 s → 合成/音声 0.712
I (8181) saanotts: 初回 pull 286.68 ms / 2 回目以降 mean 45.34 ms（⚠️ 末尾の端数 pull を含む。参考値）(満チャンク 1 個 = 92.88 ms の音声)
I (8181) saanotts: 満チャンク pull（n=8、初回を除く 12 回）: 中央値 47.34 ms / 平均 49.12 ms
I (8181) saanotts: 定常 xRT = 0.510（満チャンク pull の中央値 / 92.88 ms。平均なら 0.529）  ← **1.0 を超えたら実時間に間に合っていない**
W (8182) saanotts: ⚠️ 「定常 xRT」の定義は T1 で変わった（旧: 2 回目以降の全 pull の平均 = 末尾 pull の出力に寄与しない step 3 回込み）。M-82 / M-84 の値とは直接比べないこと。上の「2 回目以降 mean」も T1 後は末尾の step が消えているので旧値の再現ではない
I (8183) saanotts: アンダーラン 0 / 14 チャンク（判定は pull ごと。末尾の端数 pull を含む）
I (8196) saanotts: int16 クリップ 0 sample
I (8196) saanotts: 出力 PCM: 27136 sample / FNV-1a 0xa69a7ebbb5ccb05f
I (8196) saanotts:         |max| 9627 / Σx² 74264237672
I (8196) saanotts: タスクスタック残り 10948 B（16384 B 中）
I (8197) saanotts: ----- 段別プロファイル（step_chunk 18 回の平均。単位 = CCOUNT）-----
I (8197) saanotts: 区間   回数/step     cyc/step  %%STEP  要素/step cyc/要素
I (8197) saanotts: STEP           1.00     11659866  100.0%            0       0.00
I (8198) saanotts: HF             1.00       739511    6.3%            0       0.00
I (8198) saanotts: TOKEN          0.50       731240    6.3%            4  182809.96
I (8198) saanotts: AC             5.00      2445334   21.0%            0       0.00
I (8198) saanotts: DINP           1.00       196689    1.7%            0       0.00
I (8199) saanotts: DEC            5.00      5675120   48.7%            0       0.00
I (8199) saanotts: HEAD           1.00      1604349   13.8%            0       0.00
I (8199) saanotts: ISTFT         11.89       916665    7.9%            0       0.00
I (8199) saanotts: QUANT         42.39       750180    6.4%        33772      22.21
I (8200) saanotts: WCOPY          0.00            0    0.0%            0       0.00
I (8200) saanotts: MAC         4677.72      7611138   65.3%      4200628       1.81
I (8200) saanotts: DW             5.00       618489    5.3%        21280      29.06
I (8200) saanotts: CONV32         0.00            0    0.0%            0       0.00
I (8201) saanotts: GELU           6.00       917453    7.9%        12544      73.14
I (8201) saanotts: LN             6.67       118425    1.0%         2779      42.62
I (8201) saanotts: RELU           6.67        26182    0.2%         4027       6.50
I (8202) saanotts: PIPE          18.50       350070    3.0%            0       0.00
I (8202) saanotts:   ⚠️ DW の cyc/step は入れ子の QUANT（dw 入力の量子化）を含む。カーネル行の合算は二重計上
I (8202) saanotts: ----- INIT 側（発話あたり。step で割らない）-----
I (8202) saanotts: INIT  : 6131815 cyc / 回 (1 回)
I (8202) saanotts: LOOKUP: 131 回 / 2515041 cyc（init の resolve_weights。pull の中では 0 回が期待値）
I (8203) saanotts: 1 step = 11659866 cyc（240 MHz なら 48.58 ms）。⚠️ QEMU ではサイクルではない

かな> あ[し°た]のて][んきわは[れれのちく[も]り_と[ころによりあ][めがふ][るでしょお
I (8239) saanotts: G2P: 108 B -> 140 ids / 0.280 ms（音素 69 個・うち PAD 1）
I (8345) saanotts: init 46.73 ms / 140 ids / 297 frames / 76032 sample / 音声 3.448 s
I (8346) saanotts: arena used 157360 B / peak 157360 B / 確保 180224 B
I (8346) saan_spk: 発話バッファ (16384 B) を PSRAM に確保
I (8792) saanotts: プリロール 4 チャンク完了（初回 pull 286.62 ms / 鳴らし始めまで 446 ms）
I (8793) saan_spk: 貯めた 8192 sample (0.372 s) を送出
I (12150) saanotts: pull 1: n=8 286.62 ms
I (12150) saanotts: pull 2: n=8 53.48 ms
I (12150) saanotts: pull 3: n=8 53.52 ms
I (12150) saanotts: pull 4: n=8 47.31 ms
I (12150) saanotts: pull 5: n=8 53.82 ms
I (12150) saanotts: pull 6: n=8 47.38 ms
I (12150) saanotts: pull 7: n=8 53.59 ms
I (12150) saanotts: pull 8: n=8 47.38 ms
I (12150) saanotts: pull 9: n=8 53.60 ms
I (12150) saanotts: pull 10: n=8 53.60 ms
I (12150) saanotts: pull 11: n=8 47.38 ms
I (12151) saanotts: pull 12: n=8 47.38 ms
I (12151) saanotts: pull 13: n=8 47.40 ms
I (12151) saanotts: pull 14: n=8 47.42 ms
I (12151) saanotts: pull 15: n=8 53.63 ms
I (12151) saanotts: pull 16: n=8 47.41 ms
I (12151) saanotts: pull 17: n=8 47.41 ms
I (12151) saanotts: pull 18: n=8 47.38 ms
I (12151) saanotts: pull 19: n=8 53.59 ms
I (12151) saanotts: pull 20: n=8 47.37 ms
I (12151) saanotts: pull 21: n=8 53.60 ms
I (12151) saanotts: pull 22: n=8 47.39 ms
I (12152) saanotts: pull 23: n=8 53.61 ms
I (12152) saanotts: pull 24: n=8 53.61 ms
I (12152) saanotts: pull 25: n=8 47.41 ms
I (12152) saanotts: pull 26: n=8 53.62 ms
I (12152) saanotts: pull 27: n=8 53.57 ms
I (12152) saanotts: pull 28: n=8 47.42 ms
I (12152) saanotts: pull 29: n=8 53.45 ms
I (12152) saanotts: pull 30: n=8 47.41 ms
I (12152) saanotts: pull 31: n=8 47.43 ms
I (12152) saanotts: pull 32: n=8 47.44 ms
I (12152) saanotts: pull 33: n=8 47.30 ms
I (12152) saanotts: pull 34: n=8 47.15 ms
I (12153) saanotts: pull 35: n=8 46.91 ms
I (12153) saanotts: pull 36: n=8 46.65 ms
I (12153) saanotts: pull 37: n=8 44.62 ms
I (12153) saanotts: pull 38: n=1 0.00 ms
I (12153) saanotts: ----- 結果 -----
I (12153) saanotts: pull 38 回 / 297 frames / 音声 3.448 s（端数チャンク 1 回）
I (12153) saanotts: 合成合計 2075.28 ms（全 pull の dt の和。定義に依らない量 — T1 前後の比較はこれか SAAN_PROFILE=1 の STEP 行で）/ 音声 3.448 s → 合成/音声 0.602
I (12154) saanotts: 初回 pull 286.62 ms / 2 回目以降 mean 48.34 ms（⚠️ 末尾の端数 pull を含む。参考値）(満チャンク 1 個 = 92.88 ms の音声)
I (12154) saanotts: 満チャンク pull（n=8、初回を除く 36 回）: 中央値 47.42 ms / 平均 49.68 ms
I (12155) saanotts: 定常 xRT = 0.511（満チャンク pull の中央値 / 92.88 ms。平均なら 0.535）  ← **1.0 を超えたら実時間に間に合っていない**
W (12155) saanotts: ⚠️ 「定常 xRT」の定義は T1 で変わった（旧: 2 回目以降の全 pull の平均 = 末尾 pull の出力に寄与しない step 3 回込み）。M-82 / M-84 の値とは直接比べないこと。上の「2 回目以降 mean」も T1 後は末尾の step が消えているので旧値の再現ではない
I (12156) saanotts: アンダーラン 0 / 38 チャンク（判定は pull ごと。末尾の端数 pull を含む）
I (12169) saanotts: int16 クリップ 0 sample
I (12169) saanotts: 出力 PCM: 76032 sample / FNV-1a 0x8a0dbf6e03cdf7e6
I (12169) saanotts:         |max| 9977 / Σx² 196083569774
I (12170) saanotts: タスクスタック残り 10948 B（16384 B 中）
I (12170) saanotts: ----- 段別プロファイル（step_chunk 42 回の平均。単位 = CCOUNT）-----
I (12170) saanotts: 区間   回数/step     cyc/step  %%STEP  要素/step cyc/要素
I (12170) saanotts: STEP           1.00     11832274  100.0%            0       0.00
I (12171) saanotts: HF             1.00       689393    5.8%            0       0.00
I (12171) saanotts: TOKEN          0.45       674467    5.7%            4  186365.80
I (12171) saanotts: AC             5.00      2463380   20.8%            0       0.00
I (12172) saanotts: DINP           1.00       198985    1.7%            0       0.00
I (12172) saanotts: DEC            5.00      5692218   48.1%            0       0.00
I (12172) saanotts: HEAD           1.00      1606098   13.6%            0       0.00
I (12172) saanotts: ISTFT         14.19      1099079    9.3%            0       0.00
I (12173) saanotts: QUANT         41.88       792873    6.7%        33667      23.55
I (12173) saanotts: WCOPY          0.00            0    0.0%            0       0.00
I (12173) saanotts: MAC         4657.88      7579900   64.1%      4179672       1.81
I (12173) saanotts: DW             5.00       632213    5.3%        21280      29.71
I (12174) saanotts: CONV32         0.00            0    0.0%            0       0.00
I (12174) saanotts: GELU           6.00       917472    7.8%        12544      73.14
I (12174) saanotts: LN             6.43       116580    1.0%         2761      42.22
I (12175) saanotts: RELU           6.43        25996    0.2%         3982       6.53
I (12175) saanotts: PIPE          18.36       346377    2.9%            0       0.00
I (12175) saanotts:   ⚠️ DW の cyc/step は入れ子の QUANT（dw 入力の量子化）を含む。カーネル行の合算は二重計上
I (12175) saanotts: ----- INIT 側（発話あたり。step で割らない）-----
I (12176) saanotts: INIT  : 11213293 cyc / 回 (1 回)
I (12176) saanotts: LOOKUP: 131 回 / 2513036 cyc（init の resolve_weights。pull の中では 0 回が期待値）
I (12176) saanotts: 1 step = 11832274 cyc（240 MHz なら 49.30 ms）。⚠️ QEMU ではサイクルではない

かな> わ[がはいわね][こである_な[まえわま][だな][い_ど][こでう[まれた]かと[んとけ[んと]おがつ°[か]ぬ_な][んでもう[すぐらいじ][めじめし°たところでにゃ][あにゃあな[いていた]ことだけわき[おくし°ている
I (12307) saanotts: G2P: 273 B -> 334 ids / 0.583 ms（音素 167 個・うち PAD 3）
I (12489) saanotts: init 93.74 ms / 334 ids / 782 frames / 200192 sample / 音声 9.079 s
I (12490) saanotts: arena used 158928 B / peak 158928 B / 確保 180224 B
I (12490) saan_spk: 発話バッファ (16384 B) を PSRAM に確保
I (12936) saanotts: プリロール 4 チャンク完了（初回 pull 286.61 ms / 鳴らし始めまで 446 ms）
I (12937) saan_spk: 貯めた 8192 sample (0.372 s) を送出
I (21926) saanotts: pull 1: n=8 286.61 ms
I (21926) saanotts: pull 2: n=8 53.49 ms
I (21926) saanotts: pull 3: n=8 47.32 ms
I (21926) saanotts: pull 4: n=8 53.52 ms
I (21926) saanotts: pull 5: n=8 47.56 ms
I (21926) saanotts: pull 6: n=8 47.38 ms
I (21926) saanotts: pull 7: n=8 47.38 ms
I (21926) saanotts: pull 8: n=8 53.60 ms
I (21926) saanotts: pull 9: n=8 47.40 ms
I (21926) saanotts: pull 10: n=8 47.41 ms
I (21927) saanotts: pull 11: n=8 47.39 ms
I (21927) saanotts: pull 12: n=8 47.39 ms
I (21927) saanotts: pull 13: n=8 47.38 ms
I (21927) saanotts: pull 14: n=8 53.58 ms
I (21927) saanotts: pull 15: n=8 47.37 ms
I (21927) saanotts: pull 16: n=8 53.59 ms
I (21927) saanotts: pull 17: n=8 53.59 ms
I (21927) saanotts: pull 18: n=8 47.39 ms
I (21927) saanotts: pull 19: n=8 47.39 ms
I (21927) saanotts: pull 20: n=8 53.60 ms
I (21927) saanotts: pull 21: n=8 47.41 ms
I (21927) saanotts: pull 22: n=8 47.41 ms
I (21928) saanotts: pull 23: n=8 47.44 ms
I (21928) saanotts: pull 24: n=8 47.44 ms
I (21928) saanotts: pull 25: n=8 47.43 ms
I (21928) saanotts: pull 26: n=8 53.62 ms
I (21928) saanotts: pull 27: n=8 47.38 ms
I (21928) saanotts: pull 28: n=8 53.60 ms
I (21928) saanotts: pull 29: n=8 47.38 ms
I (21928) saanotts: pull 30: n=8 53.62 ms
I (21928) saanotts: pull 31: n=8 47.41 ms
I (21928) saanotts: pull 32: n=8 53.62 ms
I (21928) saanotts: pull 33: n=8 47.40 ms
I (21929) saanotts: pull 34: n=8 53.62 ms
I (21929) saanotts: pull 35: n=8 47.40 ms
I (21929) saanotts: pull 36: n=8 53.65 ms
I (21929) saanotts: pull 37: n=8 47.41 ms
I (21929) saanotts: pull 38: n=8 53.63 ms
I (21929) saanotts: pull 39: n=8 47.45 ms
I (21929) saanotts: pull 40: n=8 47.43 ms
I (21929) saanotts: pull 41: n=8 53.64 ms
I (21929) saanotts: pull 42: n=8 47.42 ms
I (21929) saanotts: pull 43: n=8 53.63 ms
I (21929) saanotts: pull 44: n=8 47.42 ms
I (21930) saanotts: pull 45: n=8 53.64 ms
I (21930) saanotts: pull 46: n=8 53.65 ms
I (21930) saanotts: pull 47: n=8 47.47 ms
I (21930) saanotts: pull 48: n=8 47.46 ms
I (21930) saanotts: pull 49: n=8 47.48 ms
I (21930) saanotts: pull 50: n=8 47.46 ms
I (21930) saanotts: pull 51: n=8 47.47 ms
I (21930) saanotts: pull 52: n=8 47.47 ms
I (21930) saanotts: pull 53: n=8 53.67 ms
I (21930) saanotts: pull 54: n=8 47.43 ms
I (21930) saanotts: pull 55: n=8 53.64 ms
I (21930) saanotts: pull 56: n=8 47.45 ms
I (21930) saanotts: pull 57: n=8 53.66 ms
I (21931) saanotts: pull 58: n=8 47.44 ms
I (21931) saanotts: pull 59: n=8 53.67 ms
I (21931) saanotts: pull 60: n=8 47.46 ms
I (21931) saanotts: pull 61: n=8 53.66 ms
I (21931) saanotts: pull 62: n=8 47.44 ms
I (21931) saanotts: pull 63: n=8 53.67 ms
I (21931) saanotts: pull 64: n=8 47.49 ms
I (21931) saanotts: pull 65: n=8 53.67 ms
I (21931) saanotts: pull 66: n=8 53.67 ms
I (21931) saanotts: pull 67: n=8 47.48 ms
I (21931) saanotts: pull 68: n=8 53.68 ms
I (21932) saanotts: pull 69: n=8 47.48 ms
I (21932) saanotts: pull 70: n=8 53.67 ms
I (21932) saanotts: pull 71: n=8 47.49 ms
I (21932) saanotts: pull 72: n=8 53.68 ms
I (21932) saanotts: pull 73: n=8 53.67 ms
I (21932) saanotts: pull 74: n=8 47.49 ms
I (21932) saanotts: pull 75: n=8 53.70 ms
I (21932) saanotts: pull 76: n=8 47.49 ms
I (21932) saanotts: pull 77: n=8 47.50 ms
I (21932) saanotts: pull 78: n=8 53.70 ms
I (21932) saanotts: pull 79: n=8 53.70 ms
I (21932) saanotts: pull 80: n=8 47.49 ms
I (21932) saanotts: pull 81: n=8 53.72 ms
I (21933) saanotts: pull 82: n=8 47.51 ms
I (21933) saanotts: pull 83: n=8 53.73 ms
I (21933) saanotts: pull 84: n=8 47.51 ms
I (21933) saanotts: pull 85: n=8 47.51 ms
I (21933) saanotts: pull 86: n=8 53.72 ms
I (21933) saanotts: pull 87: n=8 53.70 ms
I (21933) saanotts: pull 88: n=8 47.52 ms
I (21933) saanotts: pull 89: n=8 53.57 ms
I (21933) saanotts: pull 90: n=8 47.52 ms
I (21933) saanotts: pull 91: n=8 47.52 ms
I (21933) saanotts: pull 92: n=8 53.46 ms
I (21934) saanotts: pull 93: n=8 47.48 ms
I (21934) saanotts: pull 94: n=8 47.23 ms
I (21934) saanotts: pull 95: n=8 47.08 ms
I (21934) saanotts: pull 96: n=8 46.80 ms
I (21934) saanotts: pull 97: n=8 46.54 ms
I (21934) saanotts: pull 98: n=6 42.63 ms
I (21934) saanotts: ----- 結果 -----
I (21934) saanotts: pull 98 回 / 782 frames / 音声 9.079 s（端数チャンク 1 回）
I (21935) saanotts: 合成合計 5123.26 ms（全 pull の dt の和。定義に依らない量 — T1 前後の比較はこれか SAAN_PROFILE=1 の STEP 行で）/ 音声 9.079 s → 合成/音声 0.564
I (21935) saanotts: 初回 pull 286.61 ms / 2 回目以降 mean 49.86 ms（⚠️ 末尾の端数 pull を含む。参考値）(満チャンク 1 個 = 92.88 ms の音声)
I (21936) saanotts: 満チャンク pull（n=8、初回を除く 96 回）: 中央値 47.49 ms / 平均 49.94 ms
I (21936) saanotts: 定常 xRT = 0.511（満チャンク pull の中央値 / 92.88 ms。平均なら 0.538）  ← **1.0 を超えたら実時間に間に合っていない**
W (21936) saanotts: ⚠️ 「定常 xRT」の定義は T1 で変わった（旧: 2 回目以降の全 pull の平均 = 末尾 pull の出力に寄与しない step 3 回込み）。M-82 / M-84 の値とは直接比べないこと。上の「2 回目以降 mean」も T1 後は末尾の step が消えているので旧値の再現ではない
I (21937) saanotts: アンダーラン 0 / 98 チャンク（判定は pull ごと。末尾の端数 pull を含む）
I (21950) saanotts: int16 クリップ 0 sample
I (21951) saanotts: 出力 PCM: 200192 sample / FNV-1a 0x6545e195d251e1d3
I (21951) saanotts:         |max| 11345 / Σx² 410903691399
I (21951) saanotts: タスクスタック残り 10948 B（16384 B 中）
I (21951) saanotts: ----- 段別プロファイル（step_chunk 103 回の平均。単位 = CCOUNT）-----
I (21952) saanotts: 区間   回数/step     cyc/step  %%STEP  要素/step cyc/要素
I (21952) saanotts: STEP           1.00     11909096  100.0%            0       0.00
I (21952) saanotts: HF             1.00       666275    5.6%            0       0.00
I (21953) saanotts: TOKEN          0.43       640586    5.4%            3  187444.15
I (21953) saanotts: AC             5.00      2472002   20.8%            0       0.00
I (21953) saanotts: DINP           1.00       200472    1.7%            0       0.00
I (21953) saanotts: DEC            5.00      5700270   47.9%            0       0.00
I (21954) saanotts: HEAD           1.00      1607000   13.5%            0       0.00
I (21954) saanotts: ISTFT         15.20      1179355    9.9%            0       0.00
I (21954) saanotts: QUANT         41.63       809912    6.8%        33545      24.14
I (21954) saanotts: WCOPY          0.00            0    0.0%            0       0.00
I (21955) saanotts: MAC         4647.90      7548494   63.4%      4159470       1.81
I (21955) saanotts: DW             5.00       638674    5.4%        21280      30.01
I (21955) saanotts: CONV32         0.00            0    0.0%            0       0.00
I (21955) saanotts: GELU           6.00       916875    7.7%        12544      73.09
I (21956) saanotts: LN             6.31       114990    1.0%         2723      42.22
I (21956) saanotts: RELU           6.31        25696    0.2%         3929       6.54
I (21956) saanotts: PIPE          18.28       344834    2.9%            0       0.00
I (21956) saanotts:   ⚠️ DW の cyc/step は入れ子の QUANT（dw 入力の量子化）を含む。カーネル行の合算は二重計上
I (21957) saanotts: ----- INIT 側（発話あたり。step で割らない）-----
I (21957) saanotts: INIT  : 22494778 cyc / 回 (1 回)
I (21957) saanotts: LOOKUP: 131 回 / 2511898 cyc（init の resolve_weights。pull の中では 0 回が期待値）
I (21957) saanotts: 1 step = 11909096 cyc（240 MHz なら 49.62 ms）。⚠️ QEMU ではサイクルではない

かな> 