== W8A32 レーン ==
./dur_test_k8    student.bin golden.bin
MEM-7 ゲート（既定 SAAN_DUR_K = 8 / SAAN_DUR_HALO = 12 / W8A8 = 0）
  golden の ids 53 個を巡回させて任意長を作る

== G-DUR1: K を振っても log_d が bit 一致するか（基準は K=4096 = 1 窓）==
| n_ids | 基準 K=4096 のピーク B | K=1 | K=8 | K=13 | K=32 | K=128 | K=4096 |
|---:|---:|---|---|---|---|---|---|
| 1 | 9600 | OK(9600) | OK(9600) | OK(9600) | OK(9600) | OK(9600) | OK(9600) |
| 13 | 14208 | OK(9600) | OK(12288) | OK(14208) | OK(14208) | OK(14208) | OK(14208) |
| 53 | 29568 | OK(9600) | OK(12288) | OK(14208) | OK(21504) | OK(29568) | OK(29568) |
| 100 | 47616 | OK(9600) | OK(12288) | OK(14208) | OK(21504) | OK(47616) | OK(47616) |
| 224 | 95232 | OK(9600) | OK(12288) | OK(14208) | OK(21504) | OK(58368) | OK(95232) |
| 350 | 143616 | OK(9600) | OK(12288) | OK(14208) | OK(21504) | OK(58368) | OK(143616) |

== G-DUR2 / G-DUR5: 陽性対照（ハロー不足とゼロクリア欠落は落ち、ハロー過剰は変わらない）==
  OK  P1 ハロー 11（受容野を 1 足りなくする） → 落ちた（違う列 20/350 / max|Δ| 0.00524038）
  OK  P2 c1 出力のゼロクリアを外す → 落ちた（違う列 20/350 / max|Δ| 0.726097）
  OK  P3 残差後の h のゼロクリアを外す → 落ちた（違う列 16/350 / max|Δ| 0.555015）
  OK  G-DUR5 ハロー 13（12 で足りているなら同じ） → 一致（違う列 0/350 / max|Δ| 0）
  OK  G-DUR5 ハロー 24（同上） → 一致（違う列 0/350 / max|Δ| 0）

== G-DUR3: 本番の saan_run_duration が _ex の既定引数と一致するか ==
  OK  既定 (K=8 / halo=12 / ゼロクリア両方) と bit 一致

== G-DUR4: saan_stream_arena_peak(n) == 実測の a.peak か（C-100 / C-102）==
  OK  n_ids    1 : a.peak 111344 B / arena_peak() 111344 B
  OK  n_ids   13 : a.peak 111440 B / arena_peak() 111440 B
  OK  n_ids   53 : a.peak 111760 B / arena_peak() 111760 B
  OK  n_ids  100 : a.peak 112112 B / arena_peak() 112112 B
  OK  n_ids  224 : a.peak 113104 B / arena_peak() 113104 B
  OK  n_ids  350 : a.peak 114128 B / arena_peak() 114128 B

MEM-7: K に依らず同じ値 / ハローは 12 で必要十分 / 陽性対照は全部落ちた

./dur_test_k128  student.bin golden.bin
MEM-7 ゲート（既定 SAAN_DUR_K = 128 / SAAN_DUR_HALO = 12 / W8A8 = 0）
  golden の ids 53 個を巡回させて任意長を作る

== G-DUR1: K を振っても log_d が bit 一致するか（基準は K=4096 = 1 窓）==
| n_ids | 基準 K=4096 のピーク B | K=1 | K=8 | K=13 | K=32 | K=128 | K=4096 |
|---:|---:|---|---|---|---|---|---|
| 1 | 9600 | OK(9600) | OK(9600) | OK(9600) | OK(9600) | OK(9600) | OK(9600) |
| 13 | 14208 | OK(9600) | OK(12288) | OK(14208) | OK(14208) | OK(14208) | OK(14208) |
| 53 | 29568 | OK(9600) | OK(12288) | OK(14208) | OK(21504) | OK(29568) | OK(29568) |
| 100 | 47616 | OK(9600) | OK(12288) | OK(14208) | OK(21504) | OK(47616) | OK(47616) |
| 224 | 95232 | OK(9600) | OK(12288) | OK(14208) | OK(21504) | OK(58368) | OK(95232) |
| 350 | 143616 | OK(9600) | OK(12288) | OK(14208) | OK(21504) | OK(58368) | OK(143616) |

== G-DUR2 / G-DUR5: 陽性対照（ハロー不足とゼロクリア欠落は落ち、ハロー過剰は変わらない）==
  OK  P1 ハロー 11（受容野を 1 足りなくする） → 落ちた（違う列 20/350 / max|Δ| 0.00524038）
  OK  P2 c1 出力のゼロクリアを外す → 落ちた（違う列 20/350 / max|Δ| 0.726097）
  OK  P3 残差後の h のゼロクリアを外す → 落ちた（違う列 16/350 / max|Δ| 0.555015）
  OK  G-DUR5 ハロー 13（12 で足りているなら同じ） → 一致（違う列 0/350 / max|Δ| 0）
  OK  G-DUR5 ハロー 24（同上） → 一致（違う列 0/350 / max|Δ| 0）

== G-DUR3: 本番の saan_run_duration が _ex の既定引数と一致するか ==
  OK  既定 (K=128 / halo=12 / ゼロクリア両方) と bit 一致

== G-DUR4: saan_stream_arena_peak(n) == 実測の a.peak か（C-100 / C-102）==
  OK  n_ids    1 : a.peak 111344 B / arena_peak() 111344 B
  OK  n_ids   13 : a.peak 111440 B / arena_peak() 111440 B
  OK  n_ids   53 : a.peak 111760 B / arena_peak() 111760 B
  OK  n_ids  100 : a.peak 112112 B / arena_peak() 112112 B
  OK  n_ids  224 : a.peak 113104 B / arena_peak() 113104 B
  OK  n_ids  350 : a.peak 114128 B / arena_peak() 114128 B

MEM-7: K に依らず同じ値 / ハローは 12 で必要十分 / 陽性対照は全部落ちた

./dur_test_k1024 student.bin golden.bin
MEM-7 ゲート（既定 SAAN_DUR_K = 1024 / SAAN_DUR_HALO = 12 / W8A8 = 0）
  golden の ids 53 個を巡回させて任意長を作る

== G-DUR1: K を振っても log_d が bit 一致するか（基準は K=4096 = 1 窓）==
| n_ids | 基準 K=4096 のピーク B | K=1 | K=8 | K=13 | K=32 | K=128 | K=4096 |
|---:|---:|---|---|---|---|---|---|
| 1 | 9600 | OK(9600) | OK(9600) | OK(9600) | OK(9600) | OK(9600) | OK(9600) |
| 13 | 14208 | OK(9600) | OK(12288) | OK(14208) | OK(14208) | OK(14208) | OK(14208) |
| 53 | 29568 | OK(9600) | OK(12288) | OK(14208) | OK(21504) | OK(29568) | OK(29568) |
| 100 | 47616 | OK(9600) | OK(12288) | OK(14208) | OK(21504) | OK(47616) | OK(47616) |
| 224 | 95232 | OK(9600) | OK(12288) | OK(14208) | OK(21504) | OK(58368) | OK(95232) |
| 350 | 143616 | OK(9600) | OK(12288) | OK(14208) | OK(21504) | OK(58368) | OK(143616) |

== G-DUR2 / G-DUR5: 陽性対照（ハロー不足とゼロクリア欠落は落ち、ハロー過剰は変わらない）==
  OK  P1 ハロー 11（受容野を 1 足りなくする） → 落ちた（違う列 20/350 / max|Δ| 0.00524038）
  OK  P2 c1 出力のゼロクリアを外す → 落ちた（違う列 20/350 / max|Δ| 0.726097）
  OK  P3 残差後の h のゼロクリアを外す → 落ちた（違う列 16/350 / max|Δ| 0.555015）
  OK  G-DUR5 ハロー 13（12 で足りているなら同じ） → 一致（違う列 0/350 / max|Δ| 0）
  OK  G-DUR5 ハロー 24（同上） → 一致（違う列 0/350 / max|Δ| 0）

== G-DUR3: 本番の saan_run_duration が _ex の既定引数と一致するか ==
  OK  既定 (K=1024 / halo=12 / ゼロクリア両方) と bit 一致

== G-DUR4: saan_stream_arena_peak(n) == 実測の a.peak か（C-100 / C-102）==
  OK  n_ids    1 : a.peak 111344 B / arena_peak() 111344 B
  OK  n_ids   13 : a.peak 111440 B / arena_peak() 111440 B
  OK  n_ids   53 : a.peak 111760 B / arena_peak() 111760 B
  OK  n_ids  100 : a.peak 112112 B / arena_peak() 112112 B
  OK  n_ids  224 : a.peak 113104 B / arena_peak() 113104 B
  OK  n_ids  350 : a.peak 146432 B / arena_peak() 146432 B

MEM-7: K に依らず同じ値 / ハローは 12 で必要十分 / 陽性対照は全部落ちた

== W8A8 レーン（実機と同じ構成。活性化の量子化が per-frame であることに依存する）==
./dur_test_a8_k8    student_i8.bin golden_i8.bin
MEM-7 ゲート（既定 SAAN_DUR_K = 8 / SAAN_DUR_HALO = 12 / W8A8 = 1）
  golden の ids 53 個を巡回させて任意長を作る

== G-DUR1: K を振っても log_d が bit 一致するか（基準は K=4096 = 1 窓）==
| n_ids | 基準 K=4096 のピーク B | K=1 | K=8 | K=13 | K=32 | K=128 | K=4096 |
|---:|---:|---|---|---|---|---|---|
| 1 | 10512 | OK(10512) | OK(10512) | OK(10512) | OK(10512) | OK(10512) | OK(10512) |
| 13 | 15552 | OK(10512) | OK(13440) | OK(15552) | OK(15552) | OK(15552) | OK(15552) |
| 53 | 32352 | OK(10512) | OK(13440) | OK(15552) | OK(23520) | OK(32352) | OK(32352) |
| 100 | 52080 | OK(10512) | OK(13440) | OK(15552) | OK(23520) | OK(52080) | OK(52080) |
| 224 | 104160 | OK(10512) | OK(13440) | OK(15552) | OK(23520) | OK(63840) | OK(104160) |
| 350 | 157088 | OK(10512) | OK(13440) | OK(15552) | OK(23520) | OK(63840) | OK(157088) |

== G-DUR2 / G-DUR5: 陽性対照（ハロー不足とゼロクリア欠落は落ち、ハロー過剰は変わらない）==
  OK  P1 ハロー 11（受容野を 1 足りなくする） → 落ちた（違う列 20/350 / max|Δ| 0.0132694）
  OK  P2 c1 出力のゼロクリアを外す → 落ちた（違う列 20/350 / max|Δ| 0.724015）
  OK  P3 残差後の h のゼロクリアを外す → 落ちた（違う列 16/350 / max|Δ| 0.575803）
  OK  G-DUR5 ハロー 13（12 で足りているなら同じ） → 一致（違う列 0/350 / max|Δ| 0）
  OK  G-DUR5 ハロー 24（同上） → 一致（違う列 0/350 / max|Δ| 0）

== G-DUR3: 本番の saan_run_duration が _ex の既定引数と一致するか ==
  OK  既定 (K=8 / halo=12 / ゼロクリア両方) と bit 一致

== G-DUR4: saan_stream_arena_peak(n) == 実測の a.peak か（C-100 / C-102）==
  OK  n_ids    1 : a.peak 113808 B / arena_peak() 113808 B
  OK  n_ids   13 : a.peak 113904 B / arena_peak() 113904 B
  OK  n_ids   53 : a.peak 114224 B / arena_peak() 114224 B
  OK  n_ids  100 : a.peak 114576 B / arena_peak() 114576 B
  OK  n_ids  224 : a.peak 115568 B / arena_peak() 115568 B
  OK  n_ids  350 : a.peak 116592 B / arena_peak() 116592 B

MEM-7: K に依らず同じ値 / ハローは 12 で必要十分 / 陽性対照は全部落ちた

./dur_test_a8_k128  student_i8.bin golden_i8.bin
MEM-7 ゲート（既定 SAAN_DUR_K = 128 / SAAN_DUR_HALO = 12 / W8A8 = 1）
  golden の ids 53 個を巡回させて任意長を作る

== G-DUR1: K を振っても log_d が bit 一致するか（基準は K=4096 = 1 窓）==
| n_ids | 基準 K=4096 のピーク B | K=1 | K=8 | K=13 | K=32 | K=128 | K=4096 |
|---:|---:|---|---|---|---|---|---|
| 1 | 10512 | OK(10512) | OK(10512) | OK(10512) | OK(10512) | OK(10512) | OK(10512) |
| 13 | 15552 | OK(10512) | OK(13440) | OK(15552) | OK(15552) | OK(15552) | OK(15552) |
| 53 | 32352 | OK(10512) | OK(13440) | OK(15552) | OK(23520) | OK(32352) | OK(32352) |
| 100 | 52080 | OK(10512) | OK(13440) | OK(15552) | OK(23520) | OK(52080) | OK(52080) |
| 224 | 104160 | OK(10512) | OK(13440) | OK(15552) | OK(23520) | OK(63840) | OK(104160) |
| 350 | 157088 | OK(10512) | OK(13440) | OK(15552) | OK(23520) | OK(63840) | OK(157088) |

== G-DUR2 / G-DUR5: 陽性対照（ハロー不足とゼロクリア欠落は落ち、ハロー過剰は変わらない）==
  OK  P1 ハロー 11（受容野を 1 足りなくする） → 落ちた（違う列 20/350 / max|Δ| 0.0132694）
  OK  P2 c1 出力のゼロクリアを外す → 落ちた（違う列 20/350 / max|Δ| 0.724015）
  OK  P3 残差後の h のゼロクリアを外す → 落ちた（違う列 16/350 / max|Δ| 0.575803）
  OK  G-DUR5 ハロー 13（12 で足りているなら同じ） → 一致（違う列 0/350 / max|Δ| 0）
  OK  G-DUR5 ハロー 24（同上） → 一致（違う列 0/350 / max|Δ| 0）

== G-DUR3: 本番の saan_run_duration が _ex の既定引数と一致するか ==
  OK  既定 (K=128 / halo=12 / ゼロクリア両方) と bit 一致

== G-DUR4: saan_stream_arena_peak(n) == 実測の a.peak か（C-100 / C-102）==
  OK  n_ids    1 : a.peak 113808 B / arena_peak() 113808 B
  OK  n_ids   13 : a.peak 113904 B / arena_peak() 113904 B
  OK  n_ids   53 : a.peak 114224 B / arena_peak() 114224 B
  OK  n_ids  100 : a.peak 114576 B / arena_peak() 114576 B
  OK  n_ids  224 : a.peak 115568 B / arena_peak() 115568 B
  OK  n_ids  350 : a.peak 116592 B / arena_peak() 116592 B

MEM-7: K に依らず同じ値 / ハローは 12 で必要十分 / 陽性対照は全部落ちた

./dur_test_a8_k1024 student_i8.bin golden_i8.bin
MEM-7 ゲート（既定 SAAN_DUR_K = 1024 / SAAN_DUR_HALO = 12 / W8A8 = 1）
  golden の ids 53 個を巡回させて任意長を作る

== G-DUR1: K を振っても log_d が bit 一致するか（基準は K=4096 = 1 窓）==
| n_ids | 基準 K=4096 のピーク B | K=1 | K=8 | K=13 | K=32 | K=128 | K=4096 |
|---:|---:|---|---|---|---|---|---|
| 1 | 10512 | OK(10512) | OK(10512) | OK(10512) | OK(10512) | OK(10512) | OK(10512) |
| 13 | 15552 | OK(10512) | OK(13440) | OK(15552) | OK(15552) | OK(15552) | OK(15552) |
| 53 | 32352 | OK(10512) | OK(13440) | OK(15552) | OK(23520) | OK(32352) | OK(32352) |
| 100 | 52080 | OK(10512) | OK(13440) | OK(15552) | OK(23520) | OK(52080) | OK(52080) |
| 224 | 104160 | OK(10512) | OK(13440) | OK(15552) | OK(23520) | OK(63840) | OK(104160) |
| 350 | 157088 | OK(10512) | OK(13440) | OK(15552) | OK(23520) | OK(63840) | OK(157088) |

== G-DUR2 / G-DUR5: 陽性対照（ハロー不足とゼロクリア欠落は落ち、ハロー過剰は変わらない）==
  OK  P1 ハロー 11（受容野を 1 足りなくする） → 落ちた（違う列 20/350 / max|Δ| 0.0132694）
  OK  P2 c1 出力のゼロクリアを外す → 落ちた（違う列 20/350 / max|Δ| 0.724015）
  OK  P3 残差後の h のゼロクリアを外す → 落ちた（違う列 16/350 / max|Δ| 0.575803）
  OK  G-DUR5 ハロー 13（12 で足りているなら同じ） → 一致（違う列 0/350 / max|Δ| 0）
  OK  G-DUR5 ハロー 24（同上） → 一致（違う列 0/350 / max|Δ| 0）

== G-DUR3: 本番の saan_run_duration が _ex の既定引数と一致するか ==
  OK  既定 (K=1024 / halo=12 / ゼロクリア両方) と bit 一致

== G-DUR4: saan_stream_arena_peak(n) == 実測の a.peak か（C-100 / C-102）==
  OK  n_ids    1 : a.peak 113808 B / arena_peak() 113808 B
  OK  n_ids   13 : a.peak 113904 B / arena_peak() 113904 B
  OK  n_ids   53 : a.peak 114224 B / arena_peak() 114224 B
  OK  n_ids  100 : a.peak 114576 B / arena_peak() 114576 B
  OK  n_ids  224 : a.peak 115568 B / arena_peak() 115568 B
  OK  n_ids  350 : a.peak 159904 B / arena_peak() 159904 B

MEM-7: K に依らず同じ値 / ハローは 12 で必要十分 / 陽性対照は全部落ちた
