ESP-ROM:esp32s3-20210327
Build:Mar 27 2021
rst:0x15 (USB_UART_CHIP_RESET),boot:0x2a (SPI_FAST_FLASH_BOOT)
Saved PC:0x4037c586
SPIWP:0xee
mode:DIO, clock div:1
load:0x3fce2820,len:0x1710
load:0x403c8700,len:0xe1c
load:0x403cb700,len:0x31e0
entry 0x403c8938
I (24) boot: ESP-IDF v5.5 2nd stage bootloader
I (24) boot: compile time Sep  3 2026 11:08:59
I (25) boot: Multicore bootloader
I (25) boot: chip revision: v0.2
I (25) boot: efuse block revision: v1.3
I (25) qio_mode: Enabling default flash chip QIO
I (25) boot.esp32s3: Boot SPI Speed : 80MHz
I (26) boot.esp32s3: SPI Mode       : QIO
I (26) boot.esp32s3: SPI Flash Size : 16MB
I (26) boot: Enabling RNG early entropy source...
I (26) boot: Partition Table:
I (26) boot: ## Label            Usage          Type ST Offset   Length
I (27) boot:  0 nvs              WiFi data        01 02 00009000 00006000
I (27) boot:  1 phy_init         RF data          01 01 0000f000 00001000
I (27) boot:  2 factory          factory app      00 00 00010000 00300000
I (28) boot: End of partition table
I (28) esp_image: segment 0: paddr=00010020 vaddr=3c060020 size=eca80h (969344) map
I (172) esp_image: segment 1: paddr=000fcaa8 vaddr=3fc92e00 size=02f00h ( 12032) load
I (175) esp_image: segment 2: paddr=000ff9b0 vaddr=40378000 size=00668h (  1640) load
I (176) esp_image: segment 3: paddr=00100020 vaddr=42000020 size=516dch (333532) map
I (226) esp_image: segment 4: paddr=00151704 vaddr=40378668 size=0a6b4h ( 42676) load
I (234) esp_image: segment 5: paddr=0015bdc0 vaddr=600fe000 size=00020h (    32) load
I (239) boot: Loaded app from partition at offset 0x10000
I (239) boot: Disabling RNG early entropy source...
I (241) esp_psram: Found 8MB PSRAM device
I (241) esp_psram: Speed: 80MHz
I (241) cpu_start: Multicore app
I (1015) esp_psram: SPI SRAM memory test OK
I (1023) cpu_start: Pro cpu start user code
I (1023) cpu_start: cpu freq: 240000000 Hz
I (1024) app_init: Application information:
I (1024) app_init: Project name:     saanotts_m5
I (1024) app_init: App version:      v0.2.0-39-g2cab5aa
I (1024) app_init: Compile time:     Sep  3 2026 11:08:41
I (1024) app_init: ELF file SHA256:  8ed3991bd...
I (1024) app_init: ESP-IDF:          v5.5
I (1024) efuse_init: Min chip rev:     v0.0
I (1025) efuse_init: Max chip rev:     v0.99 
I (1025) efuse_init: Chip rev:         v0.2
I (1025) heap_init: Initializing. RAM available for dynamic allocation:
I (1025) heap_init: At 3FCCF950 len 00019DC0 (103 KiB): RAM
I (1025) heap_init: At 3FCE9710 len 00005724 (21 KiB): RAM
I (1025) heap_init: At 600FE020 len 00001FC8 (7 KiB): RTCRAM
I (1026) esp_psram: Adding pool of 8192K of PSRAM memory to heap allocator
I (1026) spi_flash: detected chip: generic
I (1026) spi_flash: flash io: qio
I (1027) sleep_gpio: Configure to isolate all GPIO pins in sleep state
I (1027) sleep_gpio: Enable automatic switching of GPIO sleep configuration
I (1028) main_task: Started on CPU0
I (1029) esp_psram: Reserving pool of 32K of internal memory for DMA/internal allocations
I (1029) main_task: Calling app_main()
I (1029) saanotts: sanoTTS-jp ESP32-S3（**実機未検証** — esp32/README.md を読むこと）
I (1030) saanotts: 起動直後: 内部 DRAM free 99603 B / 最大ブロック 53248 B
I (1030) saanotts: arena 212992 B を .bss に静的確保 (0x3fc998a0) / G2P の ids 4108 B
I (1030) saan_model: 重み: ヘッダ埋め込み (.rodata = flash) 654032 B / dtype int8
I (1030) saan_model:   sha256 2d2b8543c06b6a749f19c9918de68244409e2bb6ad1d921a90b5c358f96d4d79
I (1030) saan_model: 重み OK: 183 tensors / base 0x3c06eb00
I (1031) saanotts: W8A8 + PIE 有効 / int8 blob を確認
I (1031) saan_spk: リングバッファ (4096 B) を PSRAM に確保
I (1031) saan_spk: リングバッファ (4096 B) を PSRAM に確保
I (1031) saan_spk: リングバッファ (4096 B) を PSRAM に確保
I (1036) M5GFX: [Autodetect] board_M5StackChan
I (1038) main_task: Returned from app_main()
I (1160) M5GFX: CoreS3 touch CIPHER:0x64 / FIRMID:0x10 / VENDID:0x11, panel:ILI9342C
I (1388) saan_spk: M5.Speaker: board 27 / 出力 22050 Hz / 音源 22,050 Hz（リサンプル無し） / volume 128 / バッファ 3 枚 × 2048 sample
W (1388) saan_spk: ⚠️ 実サンプルレートの誤差は**未測定**
I (1420) saan_ui: 画面 320 x 240 / フォント lgfxJapanGothic_20
I (1421) saanotts: G2P セルフテスト: "きょ][おわよ][いて][んきです°ね" (44 B) -> 53 ids / 0.156 ms
I (1421) saanotts:      OK  53 ids が demo_ids.h の錨と完全一致
I (1421) saanotts: 起動時の 1 発話: "今日は良い天気ですね。"
I (1501) saanotts: init 25.54 ms / 53 ids / 106 frames / 27136 sample / 音声 1.231 s
I (1501) saanotts: arena used 195808 B / peak 195808 B / 確保 212992 B
I (1502) saan_spk: 発話バッファ (16384 B) を PSRAM に確保
I (2147) saanotts: プリロール 4 チャンク完了（初回 pull 416.99 ms / 鳴らし始めまで 645 ms）
I (2147) saan_spk: 貯めた 8192 sample (0.372 s) を送出
I (3293) saanotts: pull 1: n=8 416.99 ms
I (3293) saanotts: pull 2: n=8 74.97 ms
I (3293) saanotts: pull 3: n=8 74.25 ms
I (3293) saanotts: pull 4: n=8 73.88 ms
I (3293) saanotts: pull 5: n=8 74.10 ms
I (3293) saanotts: pull 6: n=8 73.81 ms
I (3293) saanotts: pull 7: n=8 73.42 ms
I (3293) saanotts: pull 8: n=8 73.00 ms
I (3293) saanotts: pull 9: n=8 72.54 ms
I (3293) saanotts: pull 10: n=8 61.29 ms
I (3294) saanotts: pull 11: n=8 61.07 ms
I (3294) saanotts: pull 12: n=8 60.79 ms
I (3294) saanotts: pull 13: n=8 59.39 ms
I (3294) saanotts: pull 14: n=2 0.01 ms
I (3294) saanotts: ----- 結果 -----
I (3294) saanotts: pull 14 回 / 106 frames / 音声 1.231 s（端数チャンク 1 回）
I (3294) saanotts: 合成合計 1249.52 ms（全 pull の dt の和。定義に依らない量 — T1 前後の比較はこれか SAAN_PROFILE=1 の STEP 行で）/ 音声 1.231 s → 合成/音声 1.015
I (3295) saanotts: 初回 pull 416.99 ms / 2 回目以降 mean 64.04 ms（⚠️ 末尾の端数 pull を含む。参考値）(満チャンク 1 個 = 92.88 ms の音声)
I (3295) saanotts: 満チャンク pull（n=8、初回を除く 12 回）: 中央値 73.21 ms / 平均 69.38 ms
I (3296) saanotts: 定常 xRT = 0.788（満チャンク pull の中央値 / 92.88 ms。平均なら 0.747）  ← **1.0 を超えたら実時間に間に合っていない**
W (3296) saanotts: ⚠️ 「定常 xRT」の定義は T1 で変わった（旧: 2 回目以降の全 pull の平均 = 末尾 pull の出力に寄与しない step 3 回込み）。M-82 / M-84 の値とは直接比べないこと。上の「2 回目以降 mean」も T1 後は末尾の step が消えているので旧値の再現ではない
I (3297) saanotts: アンダーラン 0 / 14 チャンク（判定は pull ごと。末尾の端数 pull を含む）
I (3310) saanotts: int16 クリップ 0 sample
I (3310) saanotts: 出力 PCM: 27136 sample / FNV-1a 0xa69a7ebbb5ccb05f
I (3310) saanotts:         |max| 9627 / Σx² 74264237672
I (3310) saanotts: タスクスタック残り 10916 B（16384 B 中）
I (3311) saanotts: ----- 段別プロファイル（step_chunk 18 回の平均。単位 = CCOUNT）-----
I (3311) saanotts: 区間   回数/step     cyc/step  %%STEP  要素/step cyc/要素
I (3311) saanotts: STEP           1.00     16638110  100.0%            0       0.00
I (3312) saanotts: HF             1.00      2331427   14.0%            0       0.00
I (3312) saanotts: TOKEN          0.78      2323399   14.0%           22  105876.42
I (3312) saanotts: AC             5.00      3258704   19.6%            0       0.00
I (3313) saanotts: DINP           1.00       234026    1.4%            0       0.00
I (3313) saanotts: DEC            5.00      8250390   49.6%            0       0.00
I (3313) saanotts: HEAD           1.00      1587396    9.5%            0       0.00
I (3314) saanotts: ISTFT         11.89       917034    5.5%            0       0.00
I (3314) saanotts: QUANT         44.06      1170067    7.0%        51996      22.50
I (3314) saanotts: WCOPY          0.00            0    0.0%            0       0.00
I (3314) saanotts: MAC         4757.72     10869162   65.3%      7509268       1.45
I (3315) saanotts: DW             5.00       943466    5.7%        37240      25.33
I (3315) saanotts: CONV32         0.00            0    0.0%            0       0.00
I (3315) saanotts: GELU           6.00      1583501    9.5%        21664      73.09
I (3315) saanotts: LN             7.50       262334    1.6%         7283      36.02
I (3316) saanotts: RELU           7.50        47523    0.3%         7283       6.53
I (3316) saanotts: PIPE          33.00       406796    2.4%            0       0.00
I (3316) saanotts:   ⚠️ DW の cyc/step は入れ子の QUANT（dw 入力の量子化）を含む。カーネル行の合算は二重計上
I (3316) saanotts: ----- INIT 側（発話あたり。step で割らない）-----
I (3317) saanotts: INIT  : 6129166 cyc / 回 (1 回)
I (3317) saanotts: LOOKUP: 131 回 / 2515813 cyc（init の resolve_weights。pull の中では 0 回が期待値）
I (3317) saanotts: 1 step = 16638110 cyc（240 MHz なら 69.33 ms）。⚠️ QEMU ではサイクルではない
I (3317) saanotts: 1 発話後: 内部 DRAM free 97171 B / 最大ブロック 53248 B
I (3318) saan_con: 入力: USB Serial/JTAG（DevKit の「USB」ポート）
I (3318) saanotts: ==================== 対話モード ====================
I (3318) saanotts: かな中間表現を 1 行入力して Enter で喋る。
I (3318) saanotts:   例:  きょ][おわよ][いて][んきです°ね     （今日は良い天気ですね。）
I (3319) saanotts:   例:  こんにちわ
I (3319) saanotts: 記号:  [ 上昇 / ] 下降核 / # 句境界 / ° 無声化 / ? ?! ?. ?~ 疑問
I (3319) saanotts: ⚠️ **漢字・カタカナ・句読点は受け付けない**（端末に辞書が無い）。
I (3319) saanotts:    漢字混じり文からは**ホスト側**で作る:
I (3319) saanotts:      uv run python scripts/to_intermediate.py "今日は良い天気ですね。"
I (3320) saanotts: ⚠️ アクセント記号を省くと平板になる。**音は出るが正しい抑揚ではない。**
I (3320) saanotts: 編集: BS/DEL 1 文字消す / Ctrl-U 行を消す / 上限 350 ids
I (3320) saanotts: 画面があればタッチで直前の文をもう一度喋る（saan_ui の実装次第）。
I (3320) saanotts: ====================================================

かな> きょ][おわよ][いて][んきです°ね
I (3322) saanotts: G2P: 44 B -> 53 ids / 0.147 ms（音素 25 個・うち PAD 0）
I (3395) saanotts: init 25.55 ms / 53 ids / 106 frames / 27136 sample / 音声 1.231 s
I (3396) saanotts: arena used 195808 B / peak 195808 B / 確保 212992 B
I (3396) saan_spk: 発話バッファ (16384 B) を PSRAM に確保
I (4042) saanotts: プリロール 4 チャンク完了（初回 pull 416.99 ms / 鳴らし始めまで 645 ms）
I (4042) saan_spk: 貯めた 8192 sample (0.372 s) を送出
I (5185) saanotts: pull 1: n=8 416.99 ms
I (5185) saanotts: pull 2: n=8 74.97 ms
I (5185) saanotts: pull 3: n=8 74.26 ms
I (5185) saanotts: pull 4: n=8 73.86 ms
I (5185) saanotts: pull 5: n=8 74.11 ms
I (5185) saanotts: pull 6: n=8 73.83 ms
I (5185) saanotts: pull 7: n=8 73.41 ms
I (5185) saanotts: pull 8: n=8 73.00 ms
I (5185) saanotts: pull 9: n=8 72.54 ms
I (5185) saanotts: pull 10: n=8 61.29 ms
I (5185) saanotts: pull 11: n=8 61.08 ms
I (5186) saanotts: pull 12: n=8 60.80 ms
I (5186) saanotts: pull 13: n=8 59.39 ms
I (5186) saanotts: pull 14: n=2 0.01 ms
I (5186) saanotts: ----- 結果 -----
I (5186) saanotts: pull 14 回 / 106 frames / 音声 1.231 s（端数チャンク 1 回）
I (5186) saanotts: 合成合計 1249.52 ms（全 pull の dt の和。定義に依らない量 — T1 前後の比較はこれか SAAN_PROFILE=1 の STEP 行で）/ 音声 1.231 s → 合成/音声 1.015
I (5187) saanotts: 初回 pull 416.99 ms / 2 回目以降 mean 64.04 ms（⚠️ 末尾の端数 pull を含む。参考値）(満チャンク 1 個 = 92.88 ms の音声)
I (5187) saanotts: 満チャンク pull（n=8、初回を除く 12 回）: 中央値 73.21 ms / 平均 69.38 ms
I (5187) saanotts: 定常 xRT = 0.788（満チャンク pull の中央値 / 92.88 ms。平均なら 0.747）  ← **1.0 を超えたら実時間に間に合っていない**
W (5188) saanotts: ⚠️ 「定常 xRT」の定義は T1 で変わった（旧: 2 回目以降の全 pull の平均 = 末尾 pull の出力に寄与しない step 3 回込み）。M-82 / M-84 の値とは直接比べないこと。上の「2 回目以降 mean」も T1 後は末尾の step が消えているので旧値の再現ではない
I (5189) saanotts: アンダーラン 0 / 14 チャンク（判定は pull ごと。末尾の端数 pull を含む）
I (5202) saanotts: int16 クリップ 0 sample
I (5202) saanotts: 出力 PCM: 27136 sample / FNV-1a 0xa69a7ebbb5ccb05f
I (5202) saanotts:         |max| 9627 / Σx² 74264237672
I (5203) saanotts: タスクスタック残り 10916 B（16384 B 中）
I (5203) saanotts: ----- 段別プロファイル（step_chunk 18 回の平均。単位 = CCOUNT）-----
I (5203) saanotts: 区間   回数/step     cyc/step  %%STEP  要素/step cyc/要素
I (5203) saanotts: STEP           1.00     16638228  100.0%            0       0.00
I (5204) saanotts: HF             1.00      2331356   14.0%            0       0.00
I (5204) saanotts: TOKEN          0.78      2323360   14.0%           22  105874.63
I (5204) saanotts: AC             5.00      3259301   19.6%            0       0.00
I (5205) saanotts: DINP           1.00       234672    1.4%            0       0.00
I (5205) saanotts: DEC            5.00      8249774   49.6%            0       0.00
I (5205) saanotts: HEAD           1.00      1587545    9.5%            0       0.00
I (5205) saanotts: ISTFT         11.89       916620    5.5%            0       0.00
I (5206) saanotts: QUANT         44.06      1169367    7.0%        51996      22.49
I (5206) saanotts: WCOPY          0.00            0    0.0%            0       0.00
I (5206) saanotts: MAC         4757.72     10866777   65.3%      7509268       1.45
I (5206) saanotts: DW             5.00       944443    5.7%        37240      25.36
I (5207) saanotts: CONV32         0.00            0    0.0%            0       0.00
I (5207) saanotts: GELU           6.00      1584521    9.5%        21664      73.14
I (5207) saanotts: LN             7.50       262909    1.6%         7283      36.10
I (5208) saanotts: RELU           7.50        47584    0.3%         7283       6.53
I (5208) saanotts: PIPE          33.00       407324    2.4%            0       0.00
I (5208) saanotts:   ⚠️ DW の cyc/step は入れ子の QUANT（dw 入力の量子化）を含む。カーネル行の合算は二重計上
I (5208) saanotts: ----- INIT 側（発話あたり。step で割らない）-----
I (5209) saanotts: INIT  : 6130726 cyc / 回 (1 回)
I (5209) saanotts: LOOKUP: 131 回 / 2513126 cyc（init の resolve_weights。pull の中では 0 回が期待値）
I (5209) saanotts: 1 step = 16638228 cyc（240 MHz なら 69.33 ms）。⚠️ QEMU ではサイクルではない

かな> 