ESP-ROM:esp32s3-20210327
Build:Mar 27 2021
rst:0x15 (USB_UART_CHIP_RESET),boot:0x2a (SPI_FAST_FLASH_BOOT)
Saved PC:0x4037bd8a
SPIWP:0xee
mode:DIO, clock div:1
load:0x3fce2820,len:0x159c
load:0x403c8700,len:0xc80
load:0x403cb700,len:0x2f54
entry 0x403c8910
I (24) boot: ESP-IDF v5.5 2nd stage bootloader
I (24) boot: compile time Sep  3 2026 10:15:36
I (25) boot: Multicore bootloader
I (25) boot: chip revision: v0.2
I (25) boot: efuse block revision: v1.3
I (25) boot.esp32s3: Boot SPI Speed : 80MHz
I (25) boot.esp32s3: SPI Mode       : DIO
I (26) boot.esp32s3: SPI Flash Size : 16MB
I (26) boot: Enabling RNG early entropy source...
I (26) boot: Partition Table:
I (26) boot: ## Label            Usage          Type ST Offset   Length
I (27) boot:  0 nvs              WiFi data        01 02 00009000 00006000
I (27) boot:  1 phy_init         RF data          01 01 0000f000 00001000
I (27) boot:  2 factory          factory app      00 00 00010000 00200000
I (28) boot:  3 model            Unknown data     01 40 00210000 000c0000
I (28) boot:  4 dict             Unknown data     01 41 002d0000 00d30000
I (29) boot: End of partition table
I (29) esp_image: segment 0: paddr=00010020 vaddr=3c030020 size=183e4h ( 99300) map
I (47) esp_image: segment 1: paddr=0002840c vaddr=3fc96c00 size=033a0h ( 13216) load
I (50) esp_image: segment 2: paddr=0002b7b4 vaddr=40378000 size=04864h ( 18532) load
I (54) esp_image: segment 3: paddr=00030020 vaddr=42000020 size=2aab8h (174776) map
I (86) esp_image: segment 4: paddr=0005aae0 vaddr=4037c864 size=0a308h ( 41736) load
I (95) esp_image: segment 5: paddr=00064df0 vaddr=600fe000 size=00020h (    32) load
I (101) boot: Loaded app from partition at offset 0x10000
I (102) boot: Disabling RNG early entropy source...
I (103) cpu_start: Multicore app
I (112) cpu_start: Pro cpu start user code
I (112) cpu_start: cpu freq: 240000000 Hz
I (113) app_init: Application information:
I (113) app_init: Project name:     saanotts_jp
I (113) app_init: App version:      v0.2.0-25-g253adde
I (113) app_init: Compile time:     Sep  3 2026 10:15:11
I (113) app_init: ELF file SHA256:  a19827a51...
I (113) app_init: ESP-IDF:          v5.5
I (113) efuse_init: Min chip rev:     v0.0
I (113) efuse_init: Max chip rev:     v0.99 
I (114) efuse_init: Chip rev:         v0.2
I (114) heap_init: Initializing. RAM available for dynamic allocation:
I (114) heap_init: At 3FCD9818 len 0000FEF8 (63 KiB): RAM
I (114) heap_init: At 3FCE9710 len 00005724 (21 KiB): RAM
I (114) heap_init: At 600FE020 len 00001FC8 (7 KiB): RTCRAM
I (115) spi_flash: detected chip: generic
I (115) spi_flash: flash io: dio
I (116) sleep_gpio: Configure to isolate all GPIO pins in sleep state
I (116) sleep_gpio: Enable automatic switching of GPIO sleep configuration
I (117) main_task: Started on CPU0
I (118) main_task: Calling app_main()
I (118) saanotts: sanoTTS-jp ESP32-S3（**実機未検証** — esp32/README.md を読むこと）
I (118) saanotts: 起動直後: 内部 DRAM free 59044 B / 最大ブロック 45056 B
I (119) saanotts: arena 208896 B を .bss に静的確保 (0x3fc9d8b0) / G2P の ids 4108 B
I (119) saan_model: model パーティション: offset 0x00210000 size 786432 B
I (119) saan_model: 重み OK: 183 tensors / base 0x3c050000
I (120) saanotts: W8A8 + PIE 有効 / int8 blob を確認
I (120) saan_dict: dict パーティション: offset 0x002d0000 size 13828096 B
I (120) saan_dict: 辞書 OK: 見出し語 355768 / エントリ 438750 / 行列 1377x1377
I (120) saanotts: 漢字経路の作業領域 130176 B
I (121) saanotts: 辞書 mmap 後: 内部 DRAM free 58332 B / 最大ブロック 45056 B
I (122) saan_i2s: I2S 設定 22050 Hz / 16bit / mono / DMA 6 x 512 frames / preroll 8192 sample
W (122) saan_i2s: S3 に APLL は無い。実サンプルレートの誤差は**未測定**
I (122) saanotts: G2P セルフテスト: "きょ][おわよ][いて][んきです°ね" (44 B) -> 53 ids / 0.201 ms
I (123) saanotts:      OK  53 ids が demo_ids.h の錨と完全一致
I (123) saanotts: 起動時は喋らない。突き合わせ用の 1 文を出すには -DSAAN_BOOT_SPEAK=1（同じ中間表現を打っても同じ列になる）
I (124) saan_con: 入力: USB Serial/JTAG（DevKit の「USB」ポート）
I (124) saanotts: ==================== 対話モード ====================
I (124) saanotts: かな中間表現を 1 行入力して Enter で喋る。
I (124) saanotts:   例:  きょ][おわよ][いて][んきです°ね     （今日は良い天気ですね。）
I (124) saanotts:   例:  こんにちわ
I (124) saanotts: 記号:  [ 上昇 / ] 下降核 / # 句境界 / ° 無声化 / ? ?! ?. ?~ 疑問
I (125) saanotts: **漢字対応ビルド**: `!` で始めると漢字かな交じり文として扱う。
I (125) saanotts:   例:  !今日は良い天気ですね。
I (125) saanotts: ⚠️ 端末の辞書は枝刈りしてあるので、**ホストと 17.79% の文で読みが変わる**（M-74）。⚠️ 音は誰も聞いていない。
I (125) saanotts: ⚠️ アクセント記号を省くと平板になる。**音は出るが正しい抑揚ではない。**
I (126) saanotts: 編集: BS/DEL 1 文字消す / Ctrl-U 行を消す / 上限 350 ids
I (126) saanotts: 画面があればタッチで直前の文をもう一度喋る（saan_ui の実装次第）。
I (126) saanotts: ====================================================

かな> I (126) main_task: Returned from app_main()
きょ][おわよ][いて][んきです°ね
I (20275) saanotts: G2P: 44 B -> 53 ids / 0.077 ms（音素 25 個・うち PAD 0）
I (20303) saanotts: init 27.38 ms / 53 ids / 106 frames / 27136 sample / 音声 1.231 s
I (20303) saanotts: arena used 195808 B / peak 195808 B / 確保 208896 B
I (21150) saanotts: プリロール 4 チャンク完了（初回 pull 551.32 ms / 鳴らし始めまで 847 ms）
W (21151) saan_i2s: SAAN_SKIP_I2S: I2S を鳴らさない（QEMU 用。音は出ない）
I (22187) saanotts: ----- 結果 -----
I (22187) saanotts: pull 14 回 / 106 frames / 音声 1.231 s（端数チャンク 1 回）
I (22187) saanotts: 初回 pull 551.32 ms / 2 回目以降 mean 101.21 ms (満チャンク 1 個 = 92.88 ms の音声)
I (22188) saanotts: 定常 xRT = 1.090  ← **1.0 を超えたら実時間に間に合っていない**
I (22188) saanotts: アンダーラン 6 / 14 チャンク
W (22188) saanotts: 途切れている。途切れない再生が要るなら -DSAAN_BUFFERED=1 （1 発話ぶんを貯めてから鳴らす。待ちは合成時間）
I (22188) saanotts: int16 クリップ 0 sample
I (22188) saanotts: 出力 PCM: 27136 sample / FNV-1a 0xa69a7ebbb5ccb05f
I (22189) saanotts:         |max| 9627 / Σx² 74264237672
I (22189) saanotts: タスクスタック残り 11036 B（16384 B 中）
W (22189) saanotts: アンダーラン 6 回。実機の内訳は -DSAAN_PROFILE=1 で（M-82: CoreS3 / W8A8+PIE は xRT 0.926 で 1 回残る）。途切れない再生が要るなら -DSAAN_BUFFERED=1

かな> !今日は良い天気ですね。
I (22218) saanotts: 漢字 G2P: 33 B -> 形態素 7 個 / ids 53 個 / 27.83 ms
I (22246) saanotts: init 27.21 ms / 53 ids / 106 frames / 27136 sample / 音声 1.231 s
I (22247) saanotts: arena used 195808 B / peak 195808 B / 確保 208896 B
I (23094) saanotts: プリロール 4 チャンク完了（初回 pull 551.29 ms / 鳴らし始めまで 847 ms）
W (23094) saan_i2s: SAAN_SKIP_I2S: I2S を鳴らさない（QEMU 用。音は出ない）
I (24131) saanotts: ----- 結果 -----
I (24131) saanotts: pull 14 回 / 106 frames / 音声 1.231 s（端数チャンク 1 回）
I (24131) saanotts: 初回 pull 551.29 ms / 2 回目以降 mean 101.21 ms (満チャンク 1 個 = 92.88 ms の音声)
I (24131) saanotts: 定常 xRT = 1.090  ← **1.0 を超えたら実時間に間に合っていない**
I (24131) saanotts: アンダーラン 6 / 14 チャンク
W (24132) saanotts: 途切れている。途切れない再生が要るなら -DSAAN_BUFFERED=1 （1 発話ぶんを貯めてから鳴らす。待ちは合成時間）
I (24132) saanotts: int16 クリップ 0 sample
I (24132) saanotts: 出力 PCM: 27136 sample / FNV-1a 0xa69a7ebbb5ccb05f
I (24132) saanotts:         |max| 9627 / Σx² 74264237672
I (24132) saanotts: タスクスタック残り 9116 B（16384 B 中）
W (24133) saanotts: アンダーラン 6 回。実機の内訳は -DSAAN_PROFILE=1 で（M-82: CoreS3 / W8A8+PIE は xRT 0.926 で 1 回残る）。途切れない再生が要るなら -DSAAN_BUFFERED=1

かな> !吾輩は猫である。名前はまだ無い。
I (24177) saanotts: 漢字 G2P: 48 B -> 形態素 11 個 / ids 84 個 / 43.00 ms
I (24213) saanotts: init 34.73 ms / 84 ids / 215 frames / 55040 sample / 音声 2.496 s
I (24213) saanotts: arena used 196032 B / peak 196032 B / 確保 208896 B
I (25058) saanotts: プリロール 4 チャンク完了（初回 pull 550.07 ms / 鳴らし始めまで 845 ms）
W (25059) saan_i2s: SAAN_SKIP_I2S: I2S を鳴らさない（QEMU 用。音は出ない）
I (27366) saanotts: ----- 結果 -----
I (27366) saanotts: pull 27 回 / 215 frames / 音声 2.496 s（端数チャンク 1 回）
I (27366) saanotts: 初回 pull 550.07 ms / 2 回目以降 mean 98.86 ms (満チャンク 1 個 = 92.88 ms の音声)
I (27366) saanotts: 定常 xRT = 1.064  ← **1.0 を超えたら実時間に間に合っていない**
I (27367) saanotts: アンダーラン 19 / 27 チャンク
W (27367) saanotts: 途切れている。途切れない再生が要るなら -DSAAN_BUFFERED=1 （1 発話ぶんを貯めてから鳴らす。待ちは合成時間）
I (27367) saanotts: int16 クリップ 0 sample
I (27367) saanotts: 出力 PCM: 55040 sample / FNV-1a 0x6ddb9a69f1b18994
I (27367) saanotts:         |max| 8909 / Σx² 91326386757
I (27367) saanotts: タスクスタック残り 8924 B（16384 B 中）
W (27368) saanotts: アンダーラン 19 回。実機の内訳は -DSAAN_PROFILE=1 で（M-82: CoreS3 / W8A8+PIE は xRT 0.926 で 1 回残る）。途切れない再生が要るなら -DSAAN_BUFFERED=1

かな> !東京特許許可局の局長は今日も許可します。
I (27451) saanotts: 漢字 G2P: 60 B -> 形態素 13 個 / ids 107 個 / 58.21 ms
I (27492) saanotts: init 40.32 ms / 107 ids / 218 frames / 55808 sample / 音声 2.531 s
I (27493) saanotts: arena used 196224 B / peak 196224 B / 確保 208896 B
I (28336) saanotts: プリロール 4 チャンク完了（初回 pull 549.57 ms / 鳴らし始めまで 843 ms）
W (28337) saan_i2s: SAAN_SKIP_I2S: I2S を鳴らさない（QEMU 用。音は出ない）
I (30744) saanotts: ----- 結果 -----
I (30745) saanotts: pull 28 回 / 218 frames / 音声 2.531 s（端数チャンク 1 回）
I (30745) saanotts: 初回 pull 549.57 ms / 2 回目以降 mean 98.85 ms (満チャンク 1 個 = 92.88 ms の音声)
I (30745) saanotts: 定常 xRT = 1.064  ← **1.0 を超えたら実時間に間に合っていない**
I (30745) saanotts: アンダーラン 20 / 28 チャンク
W (30746) saanotts: 途切れている。途切れない再生が要るなら -DSAAN_BUFFERED=1 （1 発話ぶんを貯めてから鳴らす。待ちは合成時間）
I (30746) saanotts: int16 クリップ 0 sample
I (30746) saanotts: 出力 PCM: 55808 sample / FNV-1a 0x3f0fb6d551db71f5
I (30746) saanotts:         |max| 11641 / Σx² 154830563240
I (30746) saanotts: タスクスタック残り 8924 B（16384 B 中）
W (30747) saanotts: アンダーラン 20 回。実機の内訳は -DSAAN_PROFILE=1 で（M-82: CoreS3 / W8A8+PIE は xRT 0.926 で 1 回残る）。途切れない再生が要るなら -DSAAN_BUFFERED=1

かな> !明日の天気は晴れのち曇り、ところにより雨が降るでしょう。
I (30852) saanotts: 漢字 G2P: 84 B -> 形態素 18 個 / ids 140 個 / 66.25 ms
I (30902) saanotts: init 48.37 ms / 140 ids / 297 frames / 76032 sample / 音声 3.448 s
I (30902) saanotts: arena used 196480 B / peak 196480 B / 確保 208896 B
I (31750) saanotts: プリロール 4 チャンク完了（初回 pull 552.07 ms / 鳴らし始めまで 847 ms）
W (31750) saan_i2s: SAAN_SKIP_I2S: I2S を鳴らさない（QEMU 用。音は出ない）
I (35053) saanotts: ----- 結果 -----
I (35053) saanotts: pull 38 回 / 297 frames / 音声 3.448 s（端数チャンク 1 回）
I (35053) saanotts: 初回 pull 552.07 ms / 2 回目以降 mean 96.07 ms (満チャンク 1 個 = 92.88 ms の音声)
I (35053) saanotts: 定常 xRT = 1.034  ← **1.0 を超えたら実時間に間に合っていない**
I (35053) saanotts: アンダーラン 30 / 38 チャンク
W (35054) saanotts: 途切れている。途切れない再生が要るなら -DSAAN_BUFFERED=1 （1 発話ぶんを貯めてから鳴らす。待ちは合成時間）
I (35054) saanotts: int16 クリップ 0 sample
I (35054) saanotts: 出力 PCM: 76032 sample / FNV-1a 0x8a0dbf6e03cdf7e6
I (35054) saanotts:         |max| 9977 / Σx² 196083569774
I (35054) saanotts: タスクスタック残り 8924 B（16384 B 中）
W (35055) saanotts: アンダーラン 30 回。実機の内訳は -DSAAN_PROFILE=1 で（M-82: CoreS3 / W8A8+PIE は xRT 0.926 で 1 回残る）。途切れない再生が要るなら -DSAAN_BUFFERED=1

かな> 