MEM-7 プロトタイプ（W8A8=1 / SAAN_DUR_W=32 / golden の ids 53 個を巡回）

n_ids = 53 : 一括版のピーク 22272 B
| K | 窓幅 Tw | 窓の数 | ピーク B | 一括比 | 再計算比 | log_d bit 一致 |
|---:|---:|---:|---:|---:|---:|---|
| 8 | 32 | 7 | 13440 | 0.603 | 4.17x | **OK** |
| 16 | 40 | 4 | 16800 | 0.754 | 2.81x | **OK** |
| 32 | 56 | 2 | 23520 | 1.056 | 1.91x | **OK** |
| 64 | 88 | 1 | 32352 | 1.453 | 1.45x | **OK** |
| 128 | 152 | 1 | 32352 | 1.453 | 1.45x | **OK** |

  陽性対照 P1 ハロー 11（受容野を 1 足りなくする） -> OK（落ちた）（違う列 2/53 / max|Δ| 0.0132694）
  陽性対照 P2 c1 出力のゼロクリアを外す -> OK（落ちた）（違う列 20/53 / max|Δ| 0.50066）
  陽性対照 P3 残差後の h のゼロクリアを外す -> OK（落ちた）（違う列 16/53 / max|Δ| 0.575803）

n_ids = 100 : 一括版のピーク 42000 B
| K | 窓幅 Tw | 窓の数 | ピーク B | 一括比 | 再計算比 | log_d bit 一致 |
|---:|---:|---:|---:|---:|---:|---|
| 8 | 32 | 13 | 13440 | 0.320 | 4.12x | **OK** |
| 16 | 40 | 7 | 16800 | 0.400 | 2.68x | **OK** |
| 32 | 56 | 4 | 23520 | 0.560 | 1.96x | **OK** |
| 64 | 88 | 2 | 36960 | 0.880 | 1.48x | **OK** |
| 128 | 152 | 1 | 52080 | 1.240 | 1.24x | **OK** |

  陽性対照 P1 ハロー 11（受容野を 1 足りなくする） -> OK（落ちた）（違う列 5/100 / max|Δ| 0.0132694）
  陽性対照 P2 c1 出力のゼロクリアを外す -> OK（落ちた）（違う列 20/100 / max|Δ| 0.697428）
  陽性対照 P3 残差後の h のゼロクリアを外す -> OK（落ちた）（違う列 16/100 / max|Δ| 0.575803）

n_ids = 224 : 一括版のピーク 94080 B
| K | 窓幅 Tw | 窓の数 | ピーク B | 一括比 | 再計算比 | log_d bit 一致 |
|---:|---:|---:|---:|---:|---:|---|
| 8 | 32 | 28 | 13440 | 0.143 | 4.00x | **OK** |
| 16 | 40 | 14 | 16800 | 0.179 | 2.50x | **OK** |
| 32 | 56 | 7 | 23520 | 0.250 | 1.75x | **OK** |
| 64 | 88 | 4 | 36960 | 0.393 | 1.43x | **OK** |
| 128 | 152 | 2 | 63840 | 0.679 | 1.21x | **OK** |

  陽性対照 P1 ハロー 11（受容野を 1 足りなくする） -> OK（落ちた）（違う列 12/224 / max|Δ| 0.0132694）
  陽性対照 P2 c1 出力のゼロクリアを外す -> OK（落ちた）（違う列 20/224 / max|Δ| 0.50066）
  陽性対照 P3 残差後の h のゼロクリアを外す -> OK（落ちた）（違う列 16/224 / max|Δ| 0.575803）

n_ids = 350 : 一括版のピーク 147008 B
| K | 窓幅 Tw | 窓の数 | ピーク B | 一括比 | 再計算比 | log_d bit 一致 |
|---:|---:|---:|---:|---:|---:|---|
| 8 | 32 | 44 | 13440 | 0.091 | 4.02x | **OK** |
| 16 | 40 | 22 | 16800 | 0.114 | 2.51x | **OK** |
| 32 | 56 | 11 | 23520 | 0.160 | 1.75x | **OK** |
| 64 | 88 | 6 | 36960 | 0.251 | 1.41x | **OK** |
| 128 | 152 | 3 | 63840 | 0.434 | 1.21x | **OK** |

  陽性対照 P1 ハロー 11（受容野を 1 足りなくする） -> OK（落ちた）（違う列 20/350 / max|Δ| 0.0132694）
  陽性対照 P2 c1 出力のゼロクリアを外す -> OK（落ちた）（違う列 20/350 / max|Δ| 0.724015）
  陽性対照 P3 残差後の h のゼロクリアを外す -> OK（落ちた）（違う列 16/350 / max|Δ| 0.575803）

全部 OK
