ESP-ROM:esp32s3-20210327
Build:Mar 27 2021
rst:0x15 (USB_UART_CHIP_RESET),boot:0x2a (SPI_FAST_FLASH_BOOT)
Saved PC:0x4200d796
SPIWP:0xee
mode:DIO, clock div:1
load:0x3fce2820,len:0x1710
load:0x403c8700,len:0xe1c
load:0x403cb700,len:0x31e0
entry 0x403c8938
I (24) boot: ESP-IDF v5.5 2nd stage bootloader
I (24) boot: compile time Sep  3 2026 09:19:01
I (25) boot: Multicore bootloader
I (25) boot: chip revision: v0.2
I (25) boot: efuse block revision: v1.3
I (25) qio_mode: Enabling default flash chip QIO
I (25) boot.esp32s3: Boot SPI Speed : 80MHz
I (26) boot.esp32s3: SPI Mode       : QIO
I (26) boot.esp32s3: SPI Flash Size : 16MB
I (26) boot: Enabling RNG early entropy source...
I (26) boot: Partition Table:
I (26) boot: ## Label            Usage          Type ST Offset   Length
I (27) boot:  0 nvs              WiFi data        01 02 00009000 00006000
I (27) boot:  1 phy_init         RF data          01 01 0000f000 00001000
I (27) boot:  2 factory          factory app      00 00 00010000 00300000
I (28) boot: End of partition table
I (28) esp_image: segment 0: paddr=00010020 vaddr=3c060020 size=ec768h (968552) map
I (172) esp_image: segment 1: paddr=000fc790 vaddr=3fc93100 size=02c9ch ( 11420) load
I (175) esp_image: segment 2: paddr=000ff434 vaddr=40378000 size=00be4h (  3044) load
I (176) esp_image: segment 3: paddr=00100020 vaddr=42000020 size=50994h (330132) map
I (225) esp_image: segment 4: paddr=001509bc vaddr=40378be4 size=0a414h ( 42004) load
I (233) esp_image: segment 5: paddr=0015add8 vaddr=600fe000 size=00020h (    32) load
I (238) boot: Loaded app from partition at offset 0x10000
I (239) boot: Disabling RNG early entropy source...
I (240) esp_psram: Found 8MB PSRAM device
I (240) esp_psram: Speed: 80MHz
I (334) mmu_psram: Read only data copied and mapped to SPIRAM
I (334) cpu_start: Multicore app
I (1017) esp_psram: SPI SRAM memory test OK
I (1026) cpu_start: Pro cpu start user code
I (1026) cpu_start: cpu freq: 240000000 Hz
I (1026) app_init: Application information:
I (1026) app_init: Project name:     saanotts_m5
I (1026) app_init: App version:      v0.2.0-25-g253adde
I (1026) app_init: Compile time:     Sep  3 2026 09:18:40
I (1027) app_init: ELF file SHA256:  18a0cc041...
I (1027) app_init: ESP-IDF:          v5.5
I (1027) efuse_init: Min chip rev:     v0.0
I (1027) efuse_init: Max chip rev:     v0.99 
I (1027) efuse_init: Chip rev:         v0.2
I (1027) heap_init: Initializing. RAM available for dynamic allocation:
I (1027) heap_init: At 3FCCF600 len 0001A110 (104 KiB): RAM
I (1028) heap_init: At 3FCE9710 len 00005724 (21 KiB): RAM
I (1028) heap_init: At 600FE020 len 00001FC8 (7 KiB): RTCRAM
I (1028) esp_psram: Adding pool of 7232K of PSRAM memory to heap allocator
I (1028) esp_psram: Adding pool of 14K of PSRAM memory gap generated due to end address alignment of drom to the heap allocator
I (1029) spi_flash: detected chip: generic
I (1029) spi_flash: flash io: qio
I (1030) sleep_gpio: Configure to isolate all GPIO pins in sleep state
I (1030) sleep_gpio: Enable automatic switching of GPIO sleep configuration
I (1031) main_task: Started on CPU0
I (1032) esp_psram: Reserving pool of 32K of internal memory for DMA/internal allocations
I (1032) main_task: Calling app_main()
I (1032) saanotts: sanoTTS-jp ESP32-S3（**実機未検証** — esp32/README.md を読むこと）
I (1033) saanotts: 起動直後: 内部 DRAM free 100411 B / 最大ブロック 55296 B
I (1033) saanotts: arena 212992 B を .bss に静的確保 (0x3fc996d0) / G2P の ids 4108 B
I (1033) saan_model: 重み: ヘッダ埋め込み (.rodata = flash) 654032 B / dtype int8
I (1033) saan_model:   sha256 2d2b8543c06b6a749f19c9918de68244409e2bb6ad1d921a90b5c358f96d4d79
I (1034) saan_model: 重み OK: 183 tensors / base 0x3c06e420
I (1034) saanotts: W8A8 + PIE 有効 / int8 blob を確認
I (1034) saan_spk: リングバッファ (4096 B) を PSRAM に確保
I (1034) saan_spk: リングバッファ (4096 B) を PSRAM に確保
I (1034) saan_spk: リングバッファ (4096 B) を PSRAM に確保
I (1040) M5GFX: [Autodetect] board_M5StackChan
I (1041) main_task: Returned from app_main()
I (1163) M5GFX: CoreS3 touch CIPHER:0x64 / FIRMID:0x10 / VENDID:0x11, panel:ILI9342C
I (1391) saan_spk: M5.Speaker: board 27 / 出力 22050 Hz / 音源 22,050 Hz（リサンプル無し） / volume 128 / バッファ 3 枚 × 2048 sample
W (1391) saan_spk: ⚠️ 実サンプルレートの誤差は**未測定**
I (1423) saan_ui: 画面 320 x 240 / フォント lgfxJapanGothic_20
I (1424) saanotts: G2P セルフテスト: "きょ][おわよ][いて][んきです°ね" (44 B) -> 53 ids / 0.155 ms
I (1424) saanotts:      OK  53 ids が demo_ids.h の錨と完全一致
I (1424) saanotts: 起動時の 1 発話: "今日は良い天気ですね。"
I (1504) saanotts: init 25.45 ms / 53 ids / 106 frames / 27136 sample / 音声 1.231 s
I (1504) saanotts: arena used 195808 B / peak 195808 B / 確保 212992 B
I (1504) saan_spk: 発話バッファ (16384 B) を PSRAM に確保
I (2168) saanotts: プリロール 4 チャンク完了（初回 pull 429.36 ms / 鳴らし始めまで 664 ms）
I (2169) saan_spk: 貯めた 8192 sample (0.372 s) を送出
I (3319) saanotts: ----- 結果 -----
I (3319) saanotts: pull 14 回 / 106 frames / 音声 1.231 s（端数チャンク 1 回）
I (3319) saanotts: 初回 pull 429.36 ms / 2 回目以降 mean 79.22 ms (満チャンク 1 個 = 92.88 ms の音声)
I (3319) saanotts: 定常 xRT = 0.853  ← **1.0 を超えたら実時間に間に合っていない**
I (3319) saanotts: アンダーラン 1 / 14 チャンク
W (3333) saanotts: 途切れている。途切れない再生が要るなら -DSAAN_BUFFERED=1 （1 発話ぶんを貯めてから鳴らす。待ちは合成時間）
I (3333) saanotts: int16 クリップ 0 sample
I (3333) saanotts: 出力 PCM: 27136 sample / FNV-1a 0xa69a7ebbb5ccb05f
I (3333) saanotts:         |max| 9627 / Σx² 74264237672
I (3333) saanotts: タスクスタック残り 11044 B（16384 B 中）
W (3334) saanotts: アンダーラン 1 回。実機の内訳は -DSAAN_PROFILE=1 で（M-82: CoreS3 / W8A8+PIE は xRT 0.926 で 1 回残る）。途切れない再生が要るなら -DSAAN_BUFFERED=1
I (3334) saanotts: 1 発話後: 内部 DRAM free 98075 B / 最大ブロック 55296 B
I (3335) saan_con: 入力: USB Serial/JTAG（DevKit の「USB」ポート）
I (3335) saanotts: ==================== 対話モード ====================
I (3335) saanotts: かな中間表現を 1 行入力して Enter で喋る。
I (3335) saanotts:   例:  きょ][おわよ][いて][んきです°ね     （今日は良い天気ですね。）
I (3336) saanotts:   例:  こんにちわ
I (3336) saanotts: 記号:  [ 上昇 / ] 下降核 / # 句境界 / ° 無声化 / ? ?! ?. ?~ 疑問
I (3336) saanotts: ⚠️ **漢字・カタカナ・句読点は受け付けない**（端末に辞書が無い）。
I (3336) saanotts:    漢字混じり文からは**ホスト側**で作る:
I (3337) saanotts:      uv run python scripts/to_intermediate.py "今日は良い天気ですね。"
I (3337) saanotts: ⚠️ アクセント記号を省くと平板になる。**音は出るが正しい抑揚ではない。**
I (3337) saanotts: 編集: BS/DEL 1 文字消す / Ctrl-U 行を消す / 上限 350 ids
I (3337) saanotts: 画面があればタッチで直前の文をもう一度喋る（saan_ui の実装次第）。
I (3338) saanotts: ====================================================

かな> きょ][おわよ][いて][んきです°ね
I (3339) saanotts: G2P: 44 B -> 53 ids / 0.151 ms（音素 25 個・うち PAD 0）
I (3413) saanotts: init 25.43 ms / 53 ids / 106 frames / 27136 sample / 音声 1.231 s
I (3413) saanotts: arena used 195808 B / peak 195808 B / 確保 212992 B
I (3413) saan_spk: 発話バッファ (16384 B) を PSRAM に確保
I (4077) saanotts: プリロール 4 チャンク完了（初回 pull 429.37 ms / 鳴らし始めまで 664 ms）
I (4078) saan_spk: 貯めた 8192 sample (0.372 s) を送出
I (5223) saanotts: ----- 結果 -----
I (5223) saanotts: pull 14 回 / 106 frames / 音声 1.231 s（端数チャンク 1 回）
I (5223) saanotts: 初回 pull 429.37 ms / 2 回目以降 mean 79.22 ms (満チャンク 1 個 = 92.88 ms の音声)
I (5223) saanotts: 定常 xRT = 0.853  ← **1.0 を超えたら実時間に間に合っていない**
I (5223) saanotts: アンダーラン 1 / 14 チャンク
W (5237) saanotts: 途切れている。途切れない再生が要るなら -DSAAN_BUFFERED=1 （1 発話ぶんを貯めてから鳴らす。待ちは合成時間）
I (5237) saanotts: int16 クリップ 0 sample
I (5237) saanotts: 出力 PCM: 27136 sample / FNV-1a 0xa69a7ebbb5ccb05f
I (5237) saanotts:         |max| 9627 / Σx² 74264237672
I (5237) saanotts: タスクスタック残り 11044 B（16384 B 中）
W (5238) saanotts: アンダーラン 1 回。実機の内訳は -DSAAN_PROFILE=1 で（M-82: CoreS3 / W8A8+PIE は xRT 0.926 で 1 回残る）。途切れない再生が要るなら -DSAAN_BUFFERED=1

かな> きょ][おわよ][いて][んきです°ね
I (5240) saanotts: G2P: 44 B -> 53 ids / 0.161 ms（音素 25 個・うち PAD 0）
I (5313) saanotts: init 25.40 ms / 53 ids / 106 frames / 27136 sample / 音声 1.231 s
I (5313) saanotts: arena used 195808 B / peak 195808 B / 確保 212992 B
I (5314) saan_spk: 発話バッファ (16384 B) を PSRAM に確保
I (5978) saanotts: プリロール 4 チャンク完了（初回 pull 429.34 ms / 鳴らし始めまで 664 ms）
I (5978) saan_spk: 貯めた 8192 sample (0.372 s) を送出
I (7127) saanotts: ----- 結果 -----
I (7127) saanotts: pull 14 回 / 106 frames / 音声 1.231 s（端数チャンク 1 回）
I (7127) saanotts: 初回 pull 429.34 ms / 2 回目以降 mean 79.23 ms (満チャンク 1 個 = 92.88 ms の音声)
I (7127) saanotts: 定常 xRT = 0.853  ← **1.0 を超えたら実時間に間に合っていない**
I (7127) saanotts: アンダーラン 1 / 14 チャンク
W (7141) saanotts: 途切れている。途切れない再生が要るなら -DSAAN_BUFFERED=1 （1 発話ぶんを貯めてから鳴らす。待ちは合成時間）
I (7141) saanotts: int16 クリップ 0 sample
I (7141) saanotts: 出力 PCM: 27136 sample / FNV-1a 0xa69a7ebbb5ccb05f
I (7141) saanotts:         |max| 9627 / Σx² 74264237672
I (7141) saanotts: タスクスタック残り 11044 B（16384 B 中）
W (7142) saanotts: アンダーラン 1 回。実機の内訳は -DSAAN_PROFILE=1 で（M-82: CoreS3 / W8A8+PIE は xRT 0.926 で 1 回残る）。途切れない再生が要るなら -DSAAN_BUFFERED=1

かな> きょ][おわよ][いて][んきです°ね
I (7144) saanotts: G2P: 44 B -> 53 ids / 0.159 ms（音素 25 個・うち PAD 0）
I (7217) saanotts: init 25.41 ms / 53 ids / 106 frames / 27136 sample / 音声 1.231 s
I (7217) saanotts: arena used 195808 B / peak 195808 B / 確保 212992 B
I (7217) saan_spk: 発話バッファ (16384 B) を PSRAM に確保
I (7882) saanotts: プリロール 4 チャンク完了（初回 pull 429.38 ms / 鳴らし始めまで 664 ms）
I (7882) saan_spk: 貯めた 8192 sample (0.372 s) を送出
I (9031) saanotts: ----- 結果 -----
I (9031) saanotts: pull 14 回 / 106 frames / 音声 1.231 s（端数チャンク 1 回）
I (9031) saanotts: 初回 pull 429.38 ms / 2 回目以降 mean 79.23 ms (満チャンク 1 個 = 92.88 ms の音声)
I (9031) saanotts: 定常 xRT = 0.853  ← **1.0 を超えたら実時間に間に合っていない**
I (9031) saanotts: アンダーラン 1 / 14 チャンク
W (9045) saanotts: 途切れている。途切れない再生が要るなら -DSAAN_BUFFERED=1 （1 発話ぶんを貯めてから鳴らす。待ちは合成時間）
I (9045) saanotts: int16 クリップ 0 sample
I (9045) saanotts: 出力 PCM: 27136 sample / FNV-1a 0xa69a7ebbb5ccb05f
I (9045) saanotts:         |max| 9627 / Σx² 74264237672
I (9045) saanotts: タスクスタック残り 11044 B（16384 B 中）
W (9046) saanotts: アンダーラン 1 回。実機の内訳は -DSAAN_PROFILE=1 で（M-82: CoreS3 / W8A8+PIE は xRT 0.926 で 1 回残る）。途切れない再生が要るなら -DSAAN_BUFFERED=1

かな> 