ESP-ROM:esp32s3-20210327
Build:Mar 27 2021
rst:0x15 (USB_UART_CHIP_RESET),boot:0x2a (SPI_FAST_FLASH_BOOT)
Saved PC:0x4200d6e1
SPIWP:0xee
mode:DIO, clock div:1
load:0x3fce2820,len:0x1710
load:0x403c8700,len:0xe1c
load:0x403cb700,len:0x31e0
entry 0x403c8938
I (24) boot: ESP-IDF v5.5 2nd stage bootloader
I (24) boot: compile time Sep  3 2026 09:15:01
I (25) boot: Multicore bootloader
I (25) boot: chip revision: v0.2
I (25) boot: efuse block revision: v1.3
I (25) qio_mode: Enabling default flash chip QIO
I (25) boot.esp32s3: Boot SPI Speed : 80MHz
I (26) boot.esp32s3: SPI Mode       : QIO
I (26) boot.esp32s3: SPI Flash Size : 16MB
I (26) boot: Enabling RNG early entropy source...
I (26) boot: Partition Table:
I (26) boot: ## Label            Usage          Type ST Offset   Length
I (27) boot:  0 nvs              WiFi data        01 02 00009000 00006000
I (27) boot:  1 phy_init         RF data          01 01 0000f000 00001000
I (27) boot:  2 factory          factory app      00 00 00010000 00300000
I (28) boot: End of partition table
I (28) esp_image: segment 0: paddr=00010020 vaddr=3c060020 size=ec640h (968256) map
I (172) esp_image: segment 1: paddr=000fc668 vaddr=3fc92e00 size=02af8h ( 11000) load
I (175) esp_image: segment 2: paddr=000ff168 vaddr=40378000 size=00eb0h (  3760) load
I (176) esp_image: segment 3: paddr=00100020 vaddr=42000020 size=507fch (329724) map
I (225) esp_image: segment 4: paddr=00150824 vaddr=40378eb0 size=09e6ch ( 40556) load
I (233) esp_image: segment 5: paddr=0015a698 vaddr=600fe000 size=00020h (    32) load
I (238) boot: Loaded app from partition at offset 0x10000
I (238) boot: Disabling RNG early entropy source...
I (240) esp_psram: Found 8MB PSRAM device
I (240) esp_psram: Speed: 80MHz
I (240) cpu_start: Multicore app
I (1014) esp_psram: SPI SRAM memory test OK
I (1022) cpu_start: Pro cpu start user code
I (1022) cpu_start: cpu freq: 240000000 Hz
I (1023) app_init: Application information:
I (1023) app_init: Project name:     saanotts_m5
I (1023) app_init: App version:      v0.2.0-25-g253adde
I (1023) app_init: Compile time:     Sep  3 2026 09:14:42
I (1023) app_init: ELF file SHA256:  0de284c14...
I (1023) app_init: ESP-IDF:          v5.5
I (1023) efuse_init: Min chip rev:     v0.0
I (1024) efuse_init: Max chip rev:     v0.99 
I (1024) efuse_init: Chip rev:         v0.2
I (1024) heap_init: Initializing. RAM available for dynamic allocation:
I (1024) heap_init: At 3FCCF150 len 0001A5C0 (105 KiB): RAM
I (1024) heap_init: At 3FCE9710 len 00005724 (21 KiB): RAM
I (1024) heap_init: At 600FE020 len 00001FC8 (7 KiB): RTCRAM
I (1025) esp_psram: Adding pool of 8192K of PSRAM memory to heap allocator
I (1025) spi_flash: detected chip: generic
I (1025) spi_flash: flash io: qio
I (1026) sleep_gpio: Configure to isolate all GPIO pins in sleep state
I (1026) sleep_gpio: Enable automatic switching of GPIO sleep configuration
I (1027) main_task: Started on CPU0
I (1028) esp_psram: Reserving pool of 32K of internal memory for DMA/internal allocations
I (1028) main_task: Calling app_main()
I (1028) saanotts: sanoTTS-jp ESP32-S3（**実機未検証** — esp32/README.md を読むこと）
I (1029) saanotts: 起動直後: 内部 DRAM free 101651 B / 最大ブロック 55296 B
I (1029) saanotts: arena 212992 B を .bss に静的確保 (0x3fc99220) / G2P の ids 4108 B
I (1029) saan_model: 重み: ヘッダ埋め込み (.rodata = flash) 654032 B / dtype int8
I (1029) saan_model:   sha256 2d2b8543c06b6a749f19c9918de68244409e2bb6ad1d921a90b5c358f96d4d79
I (1030) saan_model: 重み OK: 183 tensors / base 0x3c06e310
I (1030) saanotts: W8A8 + PIE 有効 / int8 blob を確認
I (1030) saan_spk: リングバッファ (4096 B) を PSRAM に確保
I (1030) saan_spk: リングバッファ (4096 B) を PSRAM に確保
I (1030) saan_spk: リングバッファ (4096 B) を PSRAM に確保
I (1036) M5GFX: [Autodetect] board_M5StackChan
I (1037) main_task: Returned from app_main()
I (1159) M5GFX: CoreS3 touch CIPHER:0x64 / FIRMID:0x10 / VENDID:0x11, panel:ILI9342C
I (1387) saan_spk: M5.Speaker: board 27 / 出力 22050 Hz / 音源 22,050 Hz（リサンプル無し） / volume 128 / バッファ 3 枚 × 2048 sample
W (1387) saan_spk: ⚠️ 実サンプルレートの誤差は**未測定**
I (1419) saan_ui: 画面 320 x 240 / フォント lgfxJapanGothic_20
I (1420) saanotts: G2P セルフテスト: "きょ][おわよ][いて][んきです°ね" (44 B) -> 53 ids / 0.158 ms
I (1420) saanotts:      OK  53 ids が demo_ids.h の錨と完全一致
I (1420) saanotts: 起動時の 1 発話: "今日は良い天気ですね。"
I (1500) saanotts: init 25.43 ms / 53 ids / 106 frames / 27136 sample / 音声 1.231 s
I (1500) saanotts: arena used 195808 B / peak 195808 B / 確保 212992 B
I (1500) saan_spk: 発話バッファ (16384 B) を PSRAM に確保
I (2171) saanotts: プリロール 4 チャンク完了（初回 pull 433.46 ms / 鳴らし始めまで 670 ms）
I (2171) saan_spk: 貯めた 8192 sample (0.372 s) を送出
I (3315) saanotts: ----- 結果 -----
I (3315) saanotts: pull 14 回 / 106 frames / 音声 1.231 s（端数チャンク 1 回）
I (3315) saanotts: 初回 pull 433.46 ms / 2 回目以降 mean 79.96 ms (満チャンク 1 個 = 92.88 ms の音声)
I (3315) saanotts: 定常 xRT = 0.861  ← **1.0 を超えたら実時間に間に合っていない**
I (3315) saanotts: アンダーラン 1 / 14 チャンク
W (3329) saanotts: 途切れている。途切れない再生が要るなら -DSAAN_BUFFERED=1 （1 発話ぶんを貯めてから鳴らす。待ちは合成時間）
I (3329) saanotts: int16 クリップ 0 sample
I (3329) saanotts: 出力 PCM: 27136 sample / FNV-1a 0xa69a7ebbb5ccb05f
I (3329) saanotts:         |max| 9627 / Σx² 74264237672
I (3330) saanotts: タスクスタック残り 11044 B（16384 B 中）
W (3330) saanotts: アンダーラン 1 回。実機の内訳は -DSAAN_PROFILE=1 で（M-82: CoreS3 / W8A8+PIE は xRT 0.926 で 1 回残る）。途切れない再生が要るなら -DSAAN_BUFFERED=1
I (3331) saanotts: 1 発話後: 内部 DRAM free 99315 B / 最大ブロック 55296 B
I (3331) saan_con: 入力: USB Serial/JTAG（DevKit の「USB」ポート）
I (3331) saanotts: ==================== 対話モード ====================
I (3332) saanotts: かな中間表現を 1 行入力して Enter で喋る。
I (3332) saanotts:   例:  きょ][おわよ][いて][んきです°ね     （今日は良い天気ですね。）
I (3332) saanotts:   例:  こんにちわ
I (3332) saanotts: 記号:  [ 上昇 / ] 下降核 / # 句境界 / ° 無声化 / ? ?! ?. ?~ 疑問
I (3332) saanotts: ⚠️ **漢字・カタカナ・句読点は受け付けない**（端末に辞書が無い）。
I (3333) saanotts:    漢字混じり文からは**ホスト側**で作る:
I (3333) saanotts:      uv run python scripts/to_intermediate.py "今日は良い天気ですね。"
I (3333) saanotts: ⚠️ アクセント記号を省くと平板になる。**音は出るが正しい抑揚ではない。**
I (3333) saanotts: 編集: BS/DEL 1 文字消す / Ctrl-U 行を消す / 上限 350 ids
I (3334) saanotts: 画面があればタッチで直前の文をもう一度喋る（saan_ui の実装次第）。
I (3334) saanotts: ====================================================

かな> きょ][おわよ][いて][んきです°ね
I (3335) saanotts: G2P: 44 B -> 53 ids / 0.148 ms（音素 25 個・うち PAD 0）
I (3409) saanotts: init 25.41 ms / 53 ids / 106 frames / 27136 sample / 音声 1.231 s
I (3409) saanotts: arena used 195808 B / peak 195808 B / 確保 212992 B
I (3410) saan_spk: 発話バッファ (16384 B) を PSRAM に確保
I (4080) saanotts: プリロール 4 チャンク完了（初回 pull 433.46 ms / 鳴らし始めまで 670 ms）
I (4080) saan_spk: 貯めた 8192 sample (0.372 s) を送出
I (5231) saanotts: ----- 結果 -----
I (5231) saanotts: pull 14 回 / 106 frames / 音声 1.231 s（端数チャンク 1 回）
I (5231) saanotts: 初回 pull 433.46 ms / 2 回目以降 mean 79.96 ms (満チャンク 1 個 = 92.88 ms の音声)
I (5231) saanotts: 定常 xRT = 0.861  ← **1.0 を超えたら実時間に間に合っていない**
I (5231) saanotts: アンダーラン 1 / 14 チャンク
W (5245) saanotts: 途切れている。途切れない再生が要るなら -DSAAN_BUFFERED=1 （1 発話ぶんを貯めてから鳴らす。待ちは合成時間）
I (5245) saanotts: int16 クリップ 0 sample
I (5245) saanotts: 出力 PCM: 27136 sample / FNV-1a 0xa69a7ebbb5ccb05f
I (5245) saanotts:         |max| 9627 / Σx² 74264237672
I (5245) saanotts: タスクスタック残り 11044 B（16384 B 中）
W (5246) saanotts: アンダーラン 1 回。実機の内訳は -DSAAN_PROFILE=1 で（M-82: CoreS3 / W8A8+PIE は xRT 0.926 で 1 回残る）。途切れない再生が要るなら -DSAAN_BUFFERED=1

かな> きょ][おわよ][いて][んきです°ね
I (5248) saanotts: G2P: 44 B -> 53 ids / 0.148 ms（音素 25 個・うち PAD 0）
I (5321) saanotts: init 25.38 ms / 53 ids / 106 frames / 27136 sample / 音声 1.231 s
I (5322) saanotts: arena used 195808 B / peak 195808 B / 確保 212992 B
I (5322) saan_spk: 発話バッファ (16384 B) を PSRAM に確保
I (5992) saanotts: プリロール 4 チャンク完了（初回 pull 433.46 ms / 鳴らし始めまで 670 ms）
I (5992) saan_spk: 貯めた 8192 sample (0.372 s) を送出
I (7135) saanotts: ----- 結果 -----
I (7135) saanotts: pull 14 回 / 106 frames / 音声 1.231 s（端数チャンク 1 回）
I (7135) saanotts: 初回 pull 433.46 ms / 2 回目以降 mean 79.97 ms (満チャンク 1 個 = 92.88 ms の音声)
I (7135) saanotts: 定常 xRT = 0.861  ← **1.0 を超えたら実時間に間に合っていない**
I (7135) saanotts: アンダーラン 1 / 14 チャンク
W (7149) saanotts: 途切れている。途切れない再生が要るなら -DSAAN_BUFFERED=1 （1 発話ぶんを貯めてから鳴らす。待ちは合成時間）
I (7149) saanotts: int16 クリップ 0 sample
I (7149) saanotts: 出力 PCM: 27136 sample / FNV-1a 0xa69a7ebbb5ccb05f
I (7149) saanotts:         |max| 9627 / Σx² 74264237672
I (7149) saanotts: タスクスタック残り 11044 B（16384 B 中）
W (7150) saanotts: アンダーラン 1 回。実機の内訳は -DSAAN_PROFILE=1 で（M-82: CoreS3 / W8A8+PIE は xRT 0.926 で 1 回残る）。途切れない再生が要るなら -DSAAN_BUFFERED=1

かな> きょ][おわよ][いて][んきです°ね
I (7152) saanotts: G2P: 44 B -> 53 ids / 0.148 ms（音素 25 個・うち PAD 0）
I (7225) saanotts: init 25.39 ms / 53 ids / 106 frames / 27136 sample / 音声 1.231 s
I (7225) saanotts: arena used 195808 B / peak 195808 B / 確保 212992 B
I (7226) saan_spk: 発話バッファ (16384 B) を PSRAM に確保
I (7896) saanotts: プリロール 4 チャンク完了（初回 pull 433.45 ms / 鳴らし始めまで 670 ms）
I (7896) saan_spk: 貯めた 8192 sample (0.372 s) を送出
I (9039) saanotts: ----- 結果 -----
I (9039) saanotts: pull 14 回 / 106 frames / 音声 1.231 s（端数チャンク 1 回）
I (9039) saanotts: 初回 pull 433.45 ms / 2 回目以降 mean 79.96 ms (満チャンク 1 個 = 92.88 ms の音声)
I (9039) saanotts: 定常 xRT = 0.861  ← **1.0 を超えたら実時間に間に合っていない**
I (9039) saanotts: アンダーラン 1 / 14 チャンク
W (9053) saanotts: 途切れている。途切れない再生が要るなら -DSAAN_BUFFERED=1 （1 発話ぶんを貯めてから鳴らす。待ちは合成時間）
I (9053) saanotts: int16 クリップ 0 sample
I (9053) saanotts: 出力 PCM: 27136 sample / FNV-1a 0xa69a7ebbb5ccb05f
I (9053) saanotts:         |max| 9627 / Σx² 74264237672
I (9053) saanotts: タスクスタック残り 11044 B（16384 B 中）
W (9054) saanotts: アンダーラン 1 回。実機の内訳は -DSAAN_PROFILE=1 で（M-82: CoreS3 / W8A8+PIE は xRT 0.926 で 1 回残る）。途切れない再生が要るなら -DSAAN_BUFFERED=1

かな> 