ESP-ROM:esp32s3-20210327
Build:Mar 27 2021
rst:0x15 (USB_UART_CHIP_RESET),boot:0x2a (SPI_FAST_FLASH_BOOT)
Saved PC:0x4037c586
SPIWP:0xee
mode:DIO, clock div:1
load:0x3fce2820,len:0x1710
load:0x403c8700,len:0xe1c
load:0x403cb700,len:0x31e0
entry 0x403c8938
I (24) boot: ESP-IDF v5.5 2nd stage bootloader
I (24) boot: compile time Sep  2 2026 20:23:30
I (25) boot: Multicore bootloader
I (25) boot: chip revision: v0.2
I (25) boot: efuse block revision: v1.3
I (25) qio_mode: Enabling default flash chip QIO
I (25) boot.esp32s3: Boot SPI Speed : 80MHz
I (26) boot.esp32s3: SPI Mode       : QIO
I (26) boot.esp32s3: SPI Flash Size : 16MB
I (26) boot: Enabling RNG early entropy source...
I (26) boot: Partition Table:
I (26) boot: ## Label            Usage          Type ST Offset   Length
I (27) boot:  0 nvs              WiFi data        01 02 00009000 00006000
I (27) boot:  1 phy_init         RF data          01 01 0000f000 00001000
I (27) boot:  2 factory          factory app      00 00 00010000 00300000
I (28) boot: End of partition table
I (28) esp_image: segment 0: paddr=00010020 vaddr=3c060020 size=ec600h (968192) map
I (172) esp_image: segment 1: paddr=000fc628 vaddr=3fc92e00 size=02af8h ( 11000) load
I (175) esp_image: segment 2: paddr=000ff128 vaddr=40378000 size=00ef0h (  3824) load
I (176) esp_image: segment 3: paddr=00100020 vaddr=42000020 size=507f8h (329720) map
I (225) esp_image: segment 4: paddr=00150820 vaddr=40378ef0 size=09e2ch ( 40492) load
I (233) esp_image: segment 5: paddr=0015a654 vaddr=600fe000 size=00020h (    32) load
I (238) boot: Loaded app from partition at offset 0x10000
I (238) boot: Disabling RNG early entropy source...
I (240) esp_psram: Found 8MB PSRAM device
I (240) esp_psram: Speed: 80MHz
I (240) cpu_start: Multicore app
I (1158) esp_psram: SPI SRAM memory test OK
I (1167) cpu_start: Pro cpu start user code
I (1167) cpu_start: cpu freq: 240000000 Hz
I (1167) app_init: Application information:
I (1167) app_init: Project name:     saanotts_m5
I (1167) app_init: App version:      v0.2.0-23-g848b9b4
I (1167) app_init: Compile time:     Sep  2 2026 23:26:57
I (1167) app_init: ELF file SHA256:  dedaebe03...
I (1167) app_init: ESP-IDF:          v5.5
I (1168) efuse_init: Min chip rev:     v0.0
I (1168) efuse_init: Max chip rev:     v0.99 
I (1168) efuse_init: Chip rev:         v0.2
I (1168) heap_init: Initializing. RAM available for dynamic allocation:
I (1168) heap_init: At 3FCCF150 len 0001A5C0 (105 KiB): RAM
I (1168) heap_init: At 3FCE9710 len 00005724 (21 KiB): RAM
I (1168) heap_init: At 600FE020 len 00001FC8 (7 KiB): RTCRAM
I (1169) esp_psram: Adding pool of 8192K of PSRAM memory to heap allocator
I (1169) spi_flash: detected chip: generic
I (1170) spi_flash: flash io: qio
I (1170) sleep_gpio: Configure to isolate all GPIO pins in sleep state
I (1170) sleep_gpio: Enable automatic switching of GPIO sleep configuration
I (1171) main_task: Started on CPU0
I (1172) esp_psram: Reserving pool of 32K of internal memory for DMA/internal allocations
I (1172) main_task: Calling app_main()
I (1172) saanotts: sanoTTS-jp ESP32-S3（**実機未検証** — esp32/README.md を読むこと）
I (1173) saanotts: 起動直後: 内部 DRAM free 101651 B / 最大ブロック 55296 B
I (1173) saanotts: arena 212992 B を .bss に静的確保 (0x3fc99220) / G2P の ids 4108 B
I (1173) saan_model: 重み: ヘッダ埋め込み (.rodata = flash) 654032 B / dtype int8
I (1173) saan_model:   sha256 2d2b8543c06b6a749f19c9918de68244409e2bb6ad1d921a90b5c358f96d4d79
I (1173) saan_model: 重み OK: 183 tensors / base 0x3c06e2d0
I (1174) saanotts: W8A8 + PIE 有効 / int8 blob を確認
I (1174) saan_spk: リングバッファ (4096 B) を PSRAM に確保
I (1174) saan_spk: リングバッファ (4096 B) を PSRAM に確保
I (1174) saan_spk: リングバッファ (4096 B) を PSRAM に確保
I (1179) M5GFX: [Autodetect] board_M5StackChan
I (1181) main_task: Returned from app_main()
I (1303) M5GFX: CoreS3 touch CIPHER:0x64 / FIRMID:0x10 / VENDID:0x11, panel:ILI9342C
I (1532) saan_spk: M5.Speaker: board 27 / 出力 22050 Hz / 音源 22,050 Hz（リサンプル無し） / volume 128 / バッファ 3 枚 × 2048 sample
W (1532) saan_spk: ⚠️ 実サンプルレートの誤差は**未測定**
I (1564) saan_ui: 画面 320 x 240 / フォント lgfxJapanGothic_20
I (1565) saanotts: G2P セルフテスト: "きょ][おわよ][いて][んきです°ね" (44 B) -> 53 ids / 0.152 ms
I (1565) saanotts:      OK  53 ids が demo_ids.h の錨と完全一致
I (1565) saanotts: 起動時の 1 発話: "今日は良い天気ですね。"
I (1645) saanotts: init 25.85 ms / 53 ids / 106 frames / 27136 sample / 音声 1.231 s
I (1646) saanotts: arena used 195808 B / peak 195808 B / 確保 212992 B
I (1646) saan_spk: 発話バッファ (16384 B) を PSRAM に確保
I (2365) saanotts: プリロール 4 チャンク完了（初回 pull 465.87 ms / 鳴らし始めまで 719 ms）
I (2365) saan_spk: 貯めた 8192 sample (0.372 s) を送出
I (3506) saanotts: ----- 結果 -----
I (3506) saanotts: pull 14 回 / 106 frames / 音声 1.231 s（端数チャンク 1 回）
I (3506) saanotts: 初回 pull 465.87 ms / 2 回目以降 mean 85.97 ms (満チャンク 1 個 = 92.88 ms の音声)
I (3506) saanotts: 定常 xRT = 0.926  ← **1.0 を超えたら実時間に間に合っていない**
I (3506) saanotts: アンダーラン 1 / 14 チャンク
W (3520) saanotts: 途切れている。途切れない再生が要るなら -DSAAN_BUFFERED=1 （1 発話ぶんを貯めてから鳴らす。待ちは合成時間）
I (3520) saanotts: int16 クリップ 0 sample
I (3520) saanotts: 出力 PCM: 27136 sample / FNV-1a 0xa69a7ebbb5ccb05f
I (3520) saanotts:         |max| 9627 / Σx² 74264237672
I (3520) saanotts: タスクスタック残り 11044 B（16384 B 中）
W (3521) saanotts: アンダーランは**想定どおり**。M-43 の外挿では 移植可能 C / fp32 は 2.47 x RT。int8 + PIE が要る
I (3521) saanotts: 1 発話後: 内部 DRAM free 99315 B / 最大ブロック 55296 B
I (3522) saan_con: 入力: USB Serial/JTAG（DevKit の「USB」ポート）
I (3522) saanotts: ==================== 対話モード ====================
I (3522) saanotts: かな中間表現を 1 行入力して Enter で喋る。
I (3522) saanotts:   例:  きょ][おわよ][いて][んきです°ね     （今日は良い天気ですね。）
I (3523) saanotts:   例:  こんにちわ
I (3523) saanotts: 記号:  [ 上昇 / ] 下降核 / # 句境界 / ° 無声化 / ? ?! ?. ?~ 疑問
I (3523) saanotts: ⚠️ **漢字・カタカナ・句読点は受け付けない**（端末に辞書が無い）。
I (3523) saanotts:    漢字混じり文からは**ホスト側**で作る:
I (3524) saanotts:      uv run python scripts/to_intermediate.py "今日は良い天気ですね。"
I (3524) saanotts: ⚠️ アクセント記号を省くと平板になる。**音は出るが正しい抑揚ではない。**
I (3524) saanotts: 編集: BS/DEL 1 文字消す / Ctrl-U 行を消す / 上限 350 ids
I (3524) saanotts: 画面があればタッチで直前の文をもう一度喋る（saan_ui の実装次第）。
I (3524) saanotts: ====================================================

かな> きょ][おわよ][いて][んきです°ね
I (3526) saanotts: G2P: 44 B -> 53 ids / 0.156 ms（音素 25 個・うち PAD 0）
I (3599) saanotts: init 25.80 ms / 53 ids / 106 frames / 27136 sample / 音声 1.231 s
I (3600) saanotts: arena used 195808 B / peak 195808 B / 確保 212992 B
I (3600) saan_spk: 発話バッファ (16384 B) を PSRAM に確保
I (4319) saanotts: プリロール 4 チャンク完了（初回 pull 465.83 ms / 鳴らし始めまで 719 ms）
I (4319) saan_spk: 貯めた 8192 sample (0.372 s) を送出
I (5468) saanotts: ----- 結果 -----
I (5468) saanotts: pull 14 回 / 106 frames / 音声 1.231 s（端数チャンク 1 回）
I (5468) saanotts: 初回 pull 465.83 ms / 2 回目以降 mean 85.97 ms (満チャンク 1 個 = 92.88 ms の音声)
I (5468) saanotts: 定常 xRT = 0.926  ← **1.0 を超えたら実時間に間に合っていない**
I (5468) saanotts: アンダーラン 1 / 14 チャンク
W (5482) saanotts: 途切れている。途切れない再生が要るなら -DSAAN_BUFFERED=1 （1 発話ぶんを貯めてから鳴らす。待ちは合成時間）
I (5482) saanotts: int16 クリップ 0 sample
I (5482) saanotts: 出力 PCM: 27136 sample / FNV-1a 0xa69a7ebbb5ccb05f
I (5482) saanotts:         |max| 9627 / Σx² 74264237672
I (5482) saanotts: タスクスタック残り 11044 B（16384 B 中）
W (5483) saanotts: アンダーランは**想定どおり**。M-43 の外挿では 移植可能 C / fp32 は 2.47 x RT。int8 + PIE が要る

かな> きょ][おわよ][いて][んきです°ね
I (6025) saanotts: G2P: 44 B -> 53 ids / 0.154 ms（音素 25 個・うち PAD 0）
I (6099) saanotts: init 25.77 ms / 53 ids / 106 frames / 27136 sample / 音声 1.231 s
I (6099) saanotts: arena used 195808 B / peak 195808 B / 確保 212992 B
I (6099) saan_spk: 発話バッファ (16384 B) を PSRAM に確保
I (6818) saanotts: プリロール 4 チャンク完了（初回 pull 465.81 ms / 鳴らし始めまで 719 ms）
I (6819) saan_spk: 貯めた 8192 sample (0.372 s) を送出
I (7965) saanotts: ----- 結果 -----
I (7965) saanotts: pull 14 回 / 106 frames / 音声 1.231 s（端数チャンク 1 回）
I (7965) saanotts: 初回 pull 465.81 ms / 2 回目以降 mean 85.97 ms (満チャンク 1 個 = 92.88 ms の音声)
I (7965) saanotts: 定常 xRT = 0.926  ← **1.0 を超えたら実時間に間に合っていない**
I (7965) saanotts: アンダーラン 1 / 14 チャンク
W (7979) saanotts: 途切れている。途切れない再生が要るなら -DSAAN_BUFFERED=1 （1 発話ぶんを貯めてから鳴らす。待ちは合成時間）
I (7979) saanotts: int16 クリップ 0 sample
I (7979) saanotts: 出力 PCM: 27136 sample / FNV-1a 0xa69a7ebbb5ccb05f
I (7979) saanotts:         |max| 9627 / Σx² 74264237672
I (7979) saanotts: タスクスタック残り 11044 B（16384 B 中）
W (7980) saanotts: アンダーランは**想定どおり**。M-43 の外挿では 移植可能 C / fp32 は 2.47 x RT。int8 + PIE が要る

かな> 